Component: ARM Compiler 5.06 update 5 (build 528) Tool: armlink [4d35e2]

==============================================================================

Section Cross References

    startup_stm32f103xe.o(RESET) refers to startup_stm32f103xe.o(STACK) for __initial_sp
    startup_stm32f103xe.o(RESET) refers to startup_stm32f103xe.o(.text) for Reset_Handler
    startup_stm32f103xe.o(RESET) refers to stm32f1xx_it.o(i.NMI_Handler) for NMI_Handler
    startup_stm32f103xe.o(RESET) refers to stm32f1xx_it.o(i.HardFault_Handler) for HardFault_Handler
    startup_stm32f103xe.o(RESET) refers to stm32f1xx_it.o(i.MemManage_Handler) for MemManage_Handler
    startup_stm32f103xe.o(RESET) refers to stm32f1xx_it.o(i.BusFault_Handler) for BusFault_Handler
    startup_stm32f103xe.o(RESET) refers to stm32f1xx_it.o(i.UsageFault_Handler) for UsageFault_Handler
    startup_stm32f103xe.o(RESET) refers to stm32f1xx_it.o(i.SVC_Handler) for SVC_Handler
    startup_stm32f103xe.o(RESET) refers to stm32f1xx_it.o(i.DebugMon_Handler) for DebugMon_Handler
    startup_stm32f103xe.o(RESET) refers to stm32f1xx_it.o(i.PendSV_Handler) for PendSV_Handler
    startup_stm32f103xe.o(RESET) refers to stm32f1xx_it.o(i.SysTick_Handler) for SysTick_Handler
    startup_stm32f103xe.o(RESET) refers to stm32f1xx_it.o(i.TIM1_UP_IRQHandler) for TIM1_UP_IRQHandler
    startup_stm32f103xe.o(RESET) refers to stm32f1xx_it.o(i.SPI2_IRQHandler) for SPI2_IRQHandler
    startup_stm32f103xe.o(RESET) refers to stm32f1xx_it.o(i.USART1_IRQHandler) for USART1_IRQHandler
    startup_stm32f103xe.o(RESET) refers to stm32f1xx_it.o(i.USART3_IRQHandler) for USART3_IRQHandler
    startup_stm32f103xe.o(RESET) refers to stm32f1xx_it.o(i.UART4_IRQHandler) for UART4_IRQHandler
    startup_stm32f103xe.o(.text) refers to system_stm32f1xx.o(i.SystemInit) for SystemInit
    startup_stm32f103xe.o(.text) refers to entry.o(.ARM.Collect$$$$00000000) for __main
    protocol.o(i.Clear_CMD_Flag) refers to protocol.o(.data) for .data
    protocol.o(i.Clear_RxBuffer) refers to protocol.o(.bss) for .bss
    protocol.o(i.Get_CMD_Length) refers to protocol.o(.data) for .data
    protocol.o(i.Get_RxBuffer) refers to protocol.o(.bss) for .bss
    protocol.o(i.Is_Recv_New_Cmd) refers to protocol.o(.data) for .data
    protocol.o(i.Out_Send_Data) refers to usart.o(i.UART1_Put_Char) for UART1_Put_Char
    protocol.o(i.Parse_Cmd_Data) refers to tim.o(i.Buzzer_Reset) for Buzzer_Reset
    protocol.o(i.Parse_Cmd_Data) refers to fflti.o(.text) for __aeabi_i2f
    protocol.o(i.Parse_Cmd_Data) refers to tim.o(i.BUZZER_ON) for BUZZER_ON
    protocol.o(i.Parse_Cmd_Data) refers to tim.o(i.BUZZER_OFF) for BUZZER_OFF
    protocol.o(i.Parse_Cmd_Data) refers to stm32f1xx_hal_tim.o(i.HAL_TIM_Base_Stop_IT) for HAL_TIM_Base_Stop_IT
    protocol.o(i.Parse_Cmd_Data) refers to jy901.o(i.jy901_calibration) for jy901_calibration
    protocol.o(i.Parse_Cmd_Data) refers to stm32f1xx_hal.o(i.HAL_Delay) for HAL_Delay
    protocol.o(i.Parse_Cmd_Data) refers to stm32f1xx_hal_tim.o(i.HAL_TIM_Base_Start_IT) for HAL_TIM_Base_Start_IT
    protocol.o(i.Parse_Cmd_Data) refers to stm32f1xx_hal_uart.o(i.HAL_UART_Receive_IT) for HAL_UART_Receive_IT
    protocol.o(i.Parse_Cmd_Data) refers to pid.o(i.pidRest) for pidRest
    protocol.o(i.Parse_Cmd_Data) refers to stm32f1xx_hal_tim.o(i.HAL_TIM_Base_Stop) for HAL_TIM_Base_Stop
    protocol.o(i.Parse_Cmd_Data) refers to eeprom.o(i.AT24C256_WriteByte) for AT24C256_WriteByte
    protocol.o(i.Parse_Cmd_Data) refers to pid.o(i.pidParamUpdate) for pidParamUpdate
    protocol.o(i.Parse_Cmd_Data) refers to dfltui.o(.text) for __aeabi_ui2d
    protocol.o(i.Parse_Cmd_Data) refers to ddiv.o(.text) for __aeabi_ddiv
    protocol.o(i.Parse_Cmd_Data) refers to motor.o(i.Motor_Set_Speed) for Motor_Set_Speed
    protocol.o(i.Parse_Cmd_Data) refers to protocol.o(.data) for .data
    protocol.o(i.Parse_Cmd_Data) refers to tim.o(.data) for Open_Con
    protocol.o(i.Parse_Cmd_Data) refers to tim.o(.data) for Closed_Con
    protocol.o(i.Parse_Cmd_Data) refers to pid.o(.bss) for pidRoll
    protocol.o(i.Parse_Cmd_Data) refers to usart.o(.bss) for huart3
    protocol.o(i.Parse_Cmd_Data) refers to tim.o(.bss) for htim1
    protocol.o(i.Parse_Cmd_Data) refers to usart.o(.data) for Rx3_Temp
    protocol.o(i.Parse_Cmd_Data) refers to pid.o(.data) for pPidObject
    protocol.o(i.Parse_Cmd_Data) refers to protocol.o(.bss) for .bss
    protocol.o(i.Parse_Cmd_Data) refers to pid.o(.data) for pid_interval
    protocol.o(i.Upper_Data_Receive) refers to protocol.o(.data) for .data
    protocol.o(i.Upper_Data_Receive) refers to protocol.o(.bss) for .bss
    jy901.o(i.Acc_Send_Data) refers to usart.o(i.UART1_Put_Char) for UART1_Put_Char
    jy901.o(i.Acc_Send_Data) refers to jy901.o(.data) for .data
    jy901.o(i.Angle_Send_Data) refers to usart.o(i.UART1_Put_Char) for UART1_Put_Char
    jy901.o(i.Angle_Send_Data) refers to jy901.o(.data) for .data
    jy901.o(i.CopeSerial3Data) refers to jy901.o(.bss) for .bss
[...]
    ..\Src\motion_control.c                  0x00000000   Number         0  motion_control.o ABSOLUTE
    ..\Src\motor.c                           0x00000000   Number         0  motor.o ABSOLUTE
    ..\Src\oled.c                            0x00000000   Number         0  oled.o ABSOLUTE
    ..\Src\pid.c                             0x00000000   Number         0  pid.o ABSOLUTE
    ..\Src\protocol.c                        0x00000000   Number         0  protocol.o ABSOLUTE
    ..\Src\spi.c                             0x00000000   Number         0  spi.o ABSOLUTE
    ..\Src\stm32f1xx_hal_msp.c               0x00000000   Number         0  stm32f1xx_hal_msp.o ABSOLUTE
    ..\Src\stm32f1xx_it.c                    0x00000000   Number         0  stm32f1xx_it.o ABSOLUTE
    ..\Src\system_stm32f1xx.c                0x00000000   Number         0  system_stm32f1xx.o ABSOLUTE
    ..\Src\tim.c                             0x00000000   Number         0  tim.o ABSOLUTE
    ..\Src\usart.c                           0x00000000   Number         0  usart.o ABSOLUTE
    ..\\Src\\JY901.c                         0x00000000   Number         0  jy901.o ABSOLUTE
    ..\\Src\\eeprom.c                        0x00000000   Number         0  eeprom.o ABSOLUTE
    ..\\Src\\motion_control.c                0x00000000   Number         0  motion_control.o ABSOLUTE
    ..\\Src\\motor.c                         0x00000000   Number         0  motor.o ABSOLUTE
    ..\\Src\\oled.c                          0x00000000   Number         0  oled.o ABSOLUTE
    ..\\Src\\pid.c                           0x00000000   Number         0  pid.o ABSOLUTE
    ..\\Src\\protocol.c                      0x00000000   Number         0  protocol.o ABSOLUTE
    dc.s                                     0x00000000   Number         0  dc.o ABSOLUTE
    handlers.s                               0x00000000   Number         0  handlers.o ABSOLUTE
    init.s                                   0x00000000   Number         0  init.o ABSOLUTE
    startup_stm32f103xe.s                    0x00000000   Number         0  startup_stm32f103xe.o ABSOLUTE
    RESET                                    0x08000000   Section      304  startup_stm32f103xe.o(RESET)
    .ARM.Collect$$$$00000000                 0x08000130   Section        0  entry.o(.ARM.Collect$$$$00000000)
    .ARM.Collect$$$$00000001                 0x08000130   Section        4  entry2.o(.ARM.Collect$$$$00000001)
    .ARM.Collect$$$$00000004                 0x08000134   Section        4  entry5.o(.ARM.Collect$$$$00000004)
    .ARM.Collect$$$$00000008                 0x08000138   Section        0  entry7b.o(.ARM.Collect$$$$00000008)
    .ARM.Collect$$$$0000000A                 0x08000138   Section        0  entry8b.o(.ARM.Collect$$$$0000000A)
    .ARM.Collect$$$$0000000B                 0x08000138   Section        8  entry9a.o(.ARM.Collect$$$$0000000B)
    .ARM.Collect$$$$0000000D                 0x08000140   Section        0  entry10a.o(.ARM.Collect$$$$0000000D)
    .ARM.Collect$$$$0000000F                 0x08000140   Section        0  entry11a.o(.ARM.Collect$$$$0000000F)
    .ARM.Collect$$$$00002712                 0x08000140   Section        4  entry2.o(.ARM.Collect$$$$00002712)
    __lit__00000000                          0x08000140   Data           4  entry2.o(.ARM.Collect$$$$00002712)
    .text                                    0x08000144   Section       36  startup_stm32f103xe.o(.text)
    .text                                    0x08000168   Section        0  llushr.o(.text)
    .text                                    0x08000188   Section        0  memseta.o(.text)
    .text                                    0x080001ac   Section        0  fadd.o(.text)
    .text                                    0x0800025c   Section        0  fmul.o(.text)
    .text                                    0x080002c0   Section        0  fdiv.o(.text)
    .text                                    0x0800033c   Section        0  fscalb.o(.text)
    .text                                    0x08000354   Section        0  dmul.o(.text)
    .text                                    0x08000438   Section        0  ddiv.o(.text)
    .text                                    0x08000516   Section        0  fflti.o(.text)
    .text                                    0x08000528   Section        0  ffltui.o(.text)
    .text                                    0x08000532   Section        0  dfltui.o(.text)
    .text                                    0x0800054c   Section        0  ffixi.o(.text)
    .text                                    0x0800057e   Section        0  dfixui.o(.text)
    .text                                    0x080005b0   Section        0  d2f.o(.text)
    .text                                    0x080005e8   Section        0  fepilogue.o(.text)
    .text                                    0x080005e8   Section        0  iusefp.o(.text)
    .text                                    0x08000656   Section        0  depilogue.o(.text)
    .text                                    0x08000710   Section       36  init.o(.text)
    .text                                    0x08000734   Section        0  llshl.o(.text)
    i.AT24C256_ReadByte                      0x08000754   Section        0  eeprom.o(i.AT24C256_ReadByte)
    i.AT24C256_WriteByte                     0x08000774   Section        0  eeprom.o(i.AT24C256_WriteByte)
    i.BUZZER_OFF                             0x08000794   Section        0  tim.o(i.BUZZER_OFF)
    i.BUZZER_ON                              0x080007a4   Section        0  tim.o(i.BUZZER_ON)
    i.BusFault_Handler                       0x080007b4   Section        0  stm32f1xx_it.o(i.BusFault_Handler)
    i.Buzzer_Disp                            0x080007b8   Section        0  stm32f1xx_it.o(i.Buzzer_Disp)
    i.Buzzer_Reset                           0x080008b0   Section        0  tim.o(i.Buzzer_Reset)
    i.Clear_CMD_Flag                         0x080008d8   Section        0  protocol.o(i.Clear_CMD_Flag)
    i.CopeSerial3Data                        0x080008e8   Section        0  jy901.o(i.CopeSerial3Data)
    i.DebugMon_Handler                       0x0800099c   Section        0  stm32f1xx_it.o(i.DebugMon_Handler)
    i.Error_Handler                          0x0800099e   Section        0  main.o(i.Error_Handler)
    i.Get_CMD_Length                         0x080009a4   Section        0  protocol.o(i.Get_CMD_Length)
    i.Get_RxBuffer                           0x080009b0   Section        0  protocol.o(i.Get_RxBuffer)
    i.HAL_DMA_Abort                          0x080009b8   Section        0  stm32f1xx_hal_dma.o(i.HAL_DMA_Abort)
    i.HAL_DMA_Abort_IT                       0x08000a00   Section        0  stm32f1xx_hal_dma.o(i.HAL_DMA_Abort_IT)
    i.HAL_Delay                              0x08000b30   Section        0  stm32f1xx_hal.o(i.HAL_Delay)
    i.HAL_GPIO_Init                          0x08000b54   Section        0  stm32f1xx_hal_gpio.o(i.HAL_GPIO_Init)
    i.HAL_GPIO_WritePin                      0x08000d4c   Section        0  stm32f1xx_hal_gpio.o(i.HAL_GPIO_WritePin)
    i.HAL_GetTick                            0x08000d58   Section        0  stm32f1xx_hal.o(i.HAL_GetTick)
    i.HAL_I2C_Init                           0x08000d64   Section        0  stm32f1xx_hal_i2c.o(i.HAL_I2C_Init)
    i.HAL_I2C_Mem_Read                       0x08000eec   Section        0  stm32f1xx_hal_i2c.o(i.HAL_I2C_Mem_Read)
    i.HAL_I2C_Mem_Write                      0x08001148   Section        0  stm32f1xx_hal_i2c.o(i.HAL_I2C_Mem_Write)
    i.HAL_I2C_MspInit                        0x08001278   Section        0  i2c.o(i.HAL_I2C_MspInit)
    i.HAL_IncTick                            0x080012d4   Section        0  stm32f1xx_hal.o(i.HAL_IncTick)
    i.HAL_Init                               0x080012e4   Section        0  stm32f1xx_hal.o(i.HAL_Init)
    i.HAL_InitTick                           0x08001308   Section        0  stm32f1xx_hal.o(i.HAL_InitTick)
    i.HAL_MspInit                            0x08001348   Section        0  stm32f1xx_hal_msp.o(i.HAL_MspInit)
    i.HAL_NVIC_EnableIRQ                     0x0800138c   Section        0  stm32f1xx_hal_cortex.o(i.HAL_NVIC_EnableIRQ)
    i.HAL_NVIC_SetPriority                   0x080013a8   Section        0  stm32f1xx_hal_cortex.o(i.HAL_NVIC_SetPriority)
    i.HAL_NVIC_SetPriorityGrouping           0x080013e8   Section        0  stm32f1xx_hal_cortex.o(i.HAL_NVIC_SetPriorityGrouping)
    i.HAL_RCC_ClockConfig                    0x0800140c   Section        0  stm32f1xx_hal_rcc.o(i.HAL_RCC_ClockConfig)
    i.HAL_RCC_GetPCLK1Freq                   0x08001538   Section        0  stm32f1xx_hal_rcc.o(i.HAL_RCC_GetPCLK1Freq)
    i.HAL_RCC_GetPCLK2Freq                   0x08001558   Section        0  stm32f1xx_hal_rcc.o(i.HAL_RCC_GetPCLK2Freq)
    i.HAL_RCC_GetSysClockFreq                0x08001578   Section        0  stm32f1xx_hal_rcc.o(i.HAL_RCC_GetSysClockFreq)
    i.HAL_RCC_OscConfig                      0x080015c4   Section        0  stm32f1xx_hal_rcc.o(i.HAL_RCC_OscConfig)
    i.HAL_SPI_ErrorCallback                  0x080018e4   Section        0  stm32f1xx_hal_spi.o(i.HAL_SPI_ErrorCallback)
    i.HAL_SPI_IRQHandler                     0x080018e8   Section        0  stm32f1xx_hal_spi.o(i.HAL_SPI_IRQHandler)
    i.HAL_SPI_Init                           0x080019c8   Section        0  stm32f1xx_hal_spi.o(i.HAL_SPI_Init)
    i.HAL_SPI_MspInit                        0x08001a7c   Section        0  spi.o(i.HAL_SPI_MspInit)
    i.HAL_SYSTICK_Config                     0x08001afc   Section        0  stm32f1xx_hal_cortex.o(i.HAL_SYSTICK_Config)
    i.HAL_TIMEx_BreakCallback                0x08001b24   Section        0  stm32f1xx_hal_tim_ex.o(i.HAL_TIMEx_BreakCallback)
    i.HAL_TIMEx_CommutCallback               0x08001b26   Section        0  stm32f1xx_hal_tim_ex.o(i.HAL_TIMEx_CommutCallback)
    i.HAL_TIMEx_MasterConfigSynchronization  0x08001b28   Section        0  stm32f1xx_hal_tim_ex.o(i.HAL_TIMEx_MasterConfigSynchronization)
    i.HAL_TIM_Base_GetState                  0x08001ba4   Section        0  stm32f1xx_hal_tim.o(i.HAL_TIM_Base_GetState)
    i.HAL_TIM_Base_Init                      0x08001baa   Section        0  stm32f1xx_hal_tim.o(i.HAL_TIM_Base_Init)
    i.HAL_TIM_Base_MspInit                   0x08001c04   Section        0  tim.o(i.HAL_TIM_Base_MspInit)
    i.HAL_TIM_Base_Start_IT                  0x08001c8c   Section        0  stm32f1xx_hal_tim.o(i.HAL_TIM_Base_Start_IT)
    i.HAL_TIM_Base_Stop                      0x08001cf8   Section        0  stm32f1xx_hal_tim.o(i.HAL_TIM_Base_Stop)
    i.HAL_TIM_Base_Stop_IT                   0x08001d1e   Section        0  stm32f1xx_hal_tim.o(i.HAL_TIM_Base_Stop_IT)
    i.HAL_TIM_ConfigClockSource              0x08001d4e   Section        0  stm32f1xx_hal_tim.o(i.HAL_TIM_ConfigClockSource)
    i.HAL_TIM_IC_CaptureCallback             0x08001e2a   Section        0  stm32f1xx_hal_tim.o(i.HAL_TIM_IC_CaptureCallback)
    i.HAL_TIM_IRQHandler                     0x08001e2c   Section        0  stm32f1xx_hal_tim.o(i.HAL_TIM_IRQHandler)
    i.HAL_TIM_MspPostInit                    0x08001f5c   Section        0  tim.o(i.HAL_TIM_MspPostInit)
    i.HAL_TIM_OC_DelayElapsedCallback        0x08002014   Section        0  stm32f1xx_hal_tim.o(i.HAL_TIM_OC_DelayElapsedCallback)
    i.HAL_TIM_PWM_ConfigChannel              0x08002016   Section        0  stm32f1xx_hal_tim.o(i.HAL_TIM_PWM_ConfigChannel)
    i.HAL_TIM_PWM_Init                       0x080020e2   Section        0  stm32f1xx_hal_tim.o(i.HAL_TIM_PWM_Init)
    i.HAL_TIM_PWM_MspInit                    0x0800213c   Section        0  stm32f1xx_hal_tim.o(i.HAL_TIM_PWM_MspInit)
    i.HAL_TIM_PWM_PulseFinishedCallback      0x0800213e   Section        0  stm32f1xx_hal_tim.o(i.HAL_TIM_PWM_PulseFinishedCallback)
    i.HAL_TIM_PWM_Start_IT                   0x08002140   Section        0  stm32f1xx_hal_tim.o(i.HAL_TIM_PWM_Start_IT)
    i.HAL_TIM_PeriodElapsedCallback          0x08002220   Section        0  stm32f1xx_hal_tim.o(i.HAL_TIM_PeriodElapsedCallback)
    i.HAL_TIM_TriggerCallback                0x08002222   Section        0  stm32f1xx_hal_tim.o(i.HAL_TIM_TriggerCallback)
    i.HAL_UARTEx_RxEventCallback             0x08002224   Section        0  stm32f1xx_hal_uart.o(i.HAL_UARTEx_RxEventCallback)
    i.HAL_UART_ErrorCallback                 0x08002226   Section        0  stm32f1xx_hal_uart.o(i.HAL_UART_ErrorCallback)
    i.HAL_UART_IRQHandler                    0x08002228   Section        0  stm32f1xx_hal_uart.o(i.HAL_UART_IRQHandler)
    i.HAL_UART_Init                          0x08002494   Section        0  stm32f1xx_hal_uart.o(i.HAL_UART_Init)
    i.HAL_UART_MspInit                       0x080024f8   Section        0  usart.o(i.HAL_UART_MspInit)
    i.HAL_UART_Receive_IT                    0x0800262c   Section        0  stm32f1xx_hal_uart.o(i.HAL_UART_Receive_IT)
    i.HAL_UART_RxCpltCallback                0x08002648   Section        0  stm32f1xx_it.o(i.HAL_UART_RxCpltCallback)
    i.HAL_UART_Transmit_IT                   0x080026a0   Section        0  stm32f1xx_hal_uart.o(i.HAL_UART_Transmit_IT)
    i.HAL_UART_TxCpltCallback                0x080026d2   Section        0  stm32f1xx_hal_uart.o(i.HAL_UART_TxCpltCallback)
    i.HardFault_Handler                      0x080026d4   Section        0  stm32f1xx_it.o(i.HardFault_Handler)
    i.I2C_IsAcknowledgeFailed                0x080026d6   Section        0  stm32f1xx_hal_i2c.o(i.I2C_IsAcknowledgeFailed)
    I2C_IsAcknowledgeFailed                  0x080026d7   Thumb Code    46  stm32f1xx_hal_i2c.o(i.I2C_IsAcknowledgeFailed)
    i.I2C_RequestMemoryRead                  0x08002704   Section        0  stm32f1xx_hal_i2c.o(i.I2C_RequestMemoryRead)
    I2C_RequestMemoryRead                    0x08002705   Thumb Code   246  stm32f1xx_hal_i2c.o(i.I2C_RequestMemoryRead)
    i.I2C_RequestMemoryWrite                 0x08002800   Section        0  stm32f1xx_hal_i2c.o(i.I2C_RequestMemoryWrite)
    I2C_RequestMemoryWrite                   0x08002801   Thumb Code   162  stm32f1xx_hal_i2c.o(i.I2C_RequestMemoryWrite)
    i.I2C_WaitOnBTFFlagUntilTimeout          0x080028a8   Section        0  stm32f1xx_hal_i2c.o(i.I2C_WaitOnBTFFlagUntilTimeout)
    I2C_WaitOnBTFFlagUntilTimeout            0x080028a9   Thumb Code    86  stm32f1xx_hal_i2c.o(i.I2C_WaitOnBTFFlagUntilTimeout)
    i.I2C_WaitOnFlagUntilTimeout             0x08002900   Section        0  stm32f1xx_hal_i2c.o(i.I2C_WaitOnFlagUntilTimeout)
    I2C_WaitOnFlagUntilTimeout               0x08002901   Thumb Code   144  stm32f1xx_hal_i2c.o(i.I2C_WaitOnFlagUntilTimeout)
    i.I2C_WaitOnMasterAddressFlagUntilTimeout 0x08002990   Section        0  stm32f1xx_hal_i2c.o(i.I2C_WaitOnMasterAddressFlagUntilTimeout)
    I2C_WaitOnMasterAddressFlagUntilTimeout  0x08002991   Thumb Code   188  stm32f1xx_hal_i2c.o(i.I2C_WaitOnMasterAddressFlagUntilTimeout)
    i.I2C_WaitOnRXNEFlagUntilTimeout         0x08002a4c   Section        0  stm32f1xx_hal_i2c.o(i.I2C_WaitOnRXNEFlagUntilTimeout)
    I2C_WaitOnRXNEFlagUntilTimeout           0x08002a4d   Thumb Code   112  stm32f1xx_hal_i2c.o(i.I2C_WaitOnRXNEFlagUntilTimeout)
    i.I2C_WaitOnTXEFlagUntilTimeout          0x08002abc   Section        0  stm32f1xx_hal_i2c.o(i.I2C_WaitOnTXEFlagUntilTimeout)
    I2C_WaitOnTXEFlagUntilTimeout            0x08002abd   Thumb Code    86  stm32f1xx_hal_i2c.o(i.I2C_WaitOnTXEFlagUntilTimeout)
    i.Is_Recv_New_Cmd                        0x08002b14   Section        0  protocol.o(i.Is_Recv_New_Cmd)
    i.LED1_OFF                               0x08002b20   Section        0  gpio.o(i.LED1_OFF)
    i.LED1_ON                                0x08002b30   Section        0  gpio.o(i.LED1_ON)
    i.LED2_OFF                               0x08002b40   Section        0  gpio.o(i.LED2_OFF)
    i.LED2_ON                                0x08002b50   Section        0  gpio.o(i.LED2_ON)
    i.LEDF_OFF                               0x08002b60   Section        0  gpio.o(i.LEDF_OFF)
    i.LEDF_ON                                0x08002b70   Section        0  gpio.o(i.LEDF_ON)
    i.MX_GPIO_Init                           0x08002b80   Section        0  gpio.o(i.MX_GPIO_Init)
    i.MX_I2C1_Init                           0x08002c28   Section        0  i2c.o(i.MX_I2C1_Init)
    i.MX_SPI2_Init                           0x08002c68   Section        0  spi.o(i.MX_SPI2_Init)
    i.MX_TIM1_Init                           0x08002ca4   Section        0  tim.o(i.MX_TIM1_Init)
    i.MX_TIM3_Init                           0x08002d0c   Section        0  tim.o(i.MX_TIM3_Init)
    i.MX_TIM4_Init                           0x08002dd4   Section        0  tim.o(i.MX_TIM4_Init)
    i.MX_TIM5_Init                           0x08002e6c   Section        0  tim.o(i.MX_TIM5_Init)
    i.MX_UART4_Init                          0x08002f34   Section        0  usart.o(i.MX_UART4_Init)
    i.MX_USART1_UART_Init                    0x08002f6c   Section        0  usart.o(i.MX_USART1_UART_Init)
    i.MX_USART3_UART_Init                    0x08002fa4   Section        0  usart.o(i.MX_USART3_UART_Init)
    i.MemManage_Handler                      0x08002fdc   Section        0  stm32f1xx_it.o(i.MemManage_Handler)
    i.MotorControl                           0x08002fe0   Section        0  motion_control.o(i.MotorControl)
    i.Motor_Init                             0x08003358   Section        0  motor.o(i.Motor_Init)
    i.Motor_Set_Speed                        0x08003390   Section        0  motor.o(i.Motor_Set_Speed)
    i.NMI_Handler                            0x080033d8   Section        0  stm32f1xx_it.o(i.NMI_Handler)
    i.OLED_CLS                               0x080033da   Section        0  oled.o(i.OLED_CLS)
    i.OLED_Fill                              0x080033e0   Section        0  oled.o(i.OLED_Fill)
    i.OLED_Init                              0x08003418   Section        0  oled.o(i.OLED_Init)
    i.OLED_SetPos                            0x080034cc   Section        0  oled.o(i.OLED_SetPos)
    i.OLED_ShowStr                           0x080034f4   Section        0  oled.o(i.OLED_ShowStr)
    i.Open_Motion_Control_It                 0x080035cc   Section        0  stm32f1xx_it.o(i.Open_Motion_Control_It)
    i.Out_Send_Data                          0x08003688   Section        0  protocol.o(i.Out_Send_Data)
    i.Parse_Cmd_Data                         0x08003718   Section        0  protocol.o(i.Parse_Cmd_Data)
    i.PendSV_Handler                         0x08003964   Section        0  stm32f1xx_it.o(i.PendSV_Handler)
    i.Robot_GoBack                           0x08003966   Section        0  motion_control.o(i.Robot_GoBack)
    i.Robot_PidControl                       0x08003994   Section        0  motion_control.o(i.Robot_PidControl)
    i.Robot_RightLeft                        0x08003af4   Section        0  motion_control.o(i.Robot_RightLeft)
    i.Robot_UpDown                           0x08003b22   Section        0  motion_control.o(i.Robot_UpDown)
    i.SPI2_IRQHandler                        0x08003b50   Section        0  stm32f1xx_it.o(i.SPI2_IRQHandler)
    i.SPI_DMAAbortOnError                    0x08003b5c   Section        0  stm32f1xx_hal_spi.o(i.SPI_DMAAbortOnError)
    SPI_DMAAbortOnError                      0x08003b5d   Thumb Code    16  stm32f1xx_hal_spi.o(i.SPI_DMAAbortOnError)
    i.SVC_Handler                            0x08003b6c   Section        0  stm32f1xx_it.o(i.SVC_Handler)
    i.SysTick_Handler                        0x08003b6e   Section        0  stm32f1xx_it.o(i.SysTick_Handler)
    i.SystemClock_Config                     0x08003b72   Section        0  main.o(i.SystemClock_Config)
    i.SystemInit                             0x08003bd0   Section        0  system_stm32f1xx.o(i.SystemInit)
    i.TIM1_UP_IRQHandler                     0x08003bd4   Section        0  stm32f1xx_it.o(i.TIM1_UP_IRQHandler)
    i.TIM_Base_SetConfig                     0x08003cac   Section        0  stm32f1xx_hal_tim.o(i.TIM_Base_SetConfig)
    i.TIM_CCxChannelCmd                      0x08003d48   Section        0  stm32f1xx_hal_tim.o(i.TIM_CCxChannelCmd)
    i.TIM_ETR_SetConfig                      0x08003d62   Section        0  stm32f1xx_hal_tim.o(i.TIM_ETR_SetConfig)
    i.TIM_ITRx_SetConfig                     0x08003d76   Section        0  stm32f1xx_hal_tim.o(i.TIM_ITRx_SetConfig)
    TIM_ITRx_SetConfig                       0x08003d77   Thumb Code    16  stm32f1xx_hal_tim.o(i.TIM_ITRx_SetConfig)
    i.TIM_OC1_SetConfig                      0x08003d88   Section        0  stm32f1xx_hal_tim.o(i.TIM_OC1_SetConfig)
    TIM_OC1_SetConfig                        0x08003d89   Thumb Code    88  stm32f1xx_hal_tim.o(i.TIM_OC1_SetConfig)
    i.TIM_OC2_SetConfig                      0x08003de8   Section        0  stm32f1xx_hal_tim.o(i.TIM_OC2_SetConfig)
    i.TIM_OC3_SetConfig                      0x08003e54   Section        0  stm32f1xx_hal_tim.o(i.TIM_OC3_SetConfig)
    TIM_OC3_SetConfig                        0x08003e55   Thumb Code    96  stm32f1xx_hal_tim.o(i.TIM_OC3_SetConfig)
    i.TIM_OC4_SetConfig                      0x08003ebc   Section        0  stm32f1xx_hal_tim.o(i.TIM_OC4_SetConfig)
    TIM_OC4_SetConfig                        0x08003ebd   Thumb Code    70  stm32f1xx_hal_tim.o(i.TIM_OC4_SetConfig)
    i.TIM_TI1_ConfigInputStage               0x08003f0c   Section        0  stm32f1xx_hal_tim.o(i.TIM_TI1_ConfigInputStage)
    TIM_TI1_ConfigInputStage                 0x08003f0d   Thumb Code    34  stm32f1xx_hal_tim.o(i.TIM_TI1_ConfigInputStage)
    i.TIM_TI2_ConfigInputStage               0x08003f2e   Section        0  stm32f1xx_hal_tim.o(i.TIM_TI2_ConfigInputStage)
    TIM_TI2_ConfigInputStage                 0x08003f2f   Thumb Code    36  stm32f1xx_hal_tim.o(i.TIM_TI2_ConfigInputStage)
    i.UART1_Put_Char                         0x08003f54   Section        0  usart.o(i.UART1_Put_Char)
    i.UART3_Put_Char                         0x08003f78   Section        0  usart.o(i.UART3_Put_Char)
    i.UART4_IRQHandler                       0x08003f9c   Section        0  stm32f1xx_it.o(i.UART4_IRQHandler)
    i.UART_DMAAbortOnError                   0x08003ff4   Section        0  stm32f1xx_hal_uart.o(i.UART_DMAAbortOnError)
    UART_DMAAbortOnError                     0x08003ff5   Thumb Code    16  stm32f1xx_hal_uart.o(i.UART_DMAAbortOnError)
    i.UART_EndRxTransfer                     0x08004004   Section        0  stm32f1xx_hal_uart.o(i.UART_EndRxTransfer)
    UART_EndRxTransfer                       0x08004005   Thumb Code    78  stm32f1xx_hal_uart.o(i.UART_EndRxTransfer)
    i.UART_Receive_IT                        0x08004052   Section        0  stm32f1xx_hal_uart.o(i.UART_Receive_IT)
    UART_Receive_IT                          0x08004053   Thumb Code   194  stm32f1xx_hal_uart.o(i.UART_Receive_IT)
    i.UART_SetConfig                         0x08004114   Section        0  stm32f1xx_hal_uart.o(i.UART_SetConfig)
    UART_SetConfig                           0x08004115   Thumb Code   178  stm32f1xx_hal_uart.o(i.UART_SetConfig)
    i.UART_Start_Receive_IT                  0x080041cc   Section        0  stm32f1xx_hal_uart.o(i.UART_Start_Receive_IT)
    i.USART1_IRQHandler                      0x08004204   Section        0  stm32f1xx_it.o(i.USART1_IRQHandler)
    i.USART3_IRQHandler                      0x0800425c   Section        0  stm32f1xx_it.o(i.USART3_IRQHandler)
    i.Upper_Data_Receive                     0x080042b4   Section        0  protocol.o(i.Upper_Data_Receive)
    i.UsageFault_Handler                     0x08004370   Section        0  stm32f1xx_it.o(i.UsageFault_Handler)
    i.WriteCmd                               0x08004374   Section        0  oled.o(i.WriteCmd)
    i.WriteDat                               0x08004398   Section        0  oled.o(i.WriteDat)
    i.__NVIC_SetPriority                     0x080043bc   Section        0  stm32f1xx_hal_cortex.o(i.__NVIC_SetPriority)
    __NVIC_SetPriority                       0x080043bd   Thumb Code    32  stm32f1xx_hal_cortex.o(i.__NVIC_SetPriority)
    i.__scatterload_copy                     0x080043dc   Section       14  handlers.o(i.__scatterload_copy)
    i.__scatterload_null                     0x080043ea   Section        2  handlers.o(i.__scatterload_null)
    i.__scatterload_zeroinit                 0x080043ec   Section       14  handlers.o(i.__scatterload_zeroinit)
    i.jy901_calibration                      0x080043fc   Section        0  jy901.o(i.jy901_calibration)
    i.jy901_init                             0x0800444c   Section        0  jy901.o(i.jy901_init)
    i.main                                   0x080044b8   Section        0  main.o(i.main)
    i.pidParamLoad                           0x08004690   Section        0  pid.o(i.pidParamLoad)
    i.pidParamUpdate                         0x08004730   Section        0  pid.o(i.pidParamUpdate)
    i.pidRest                                0x080047cc   Section        0  pid.o(i.pidRest)
    i.pidUpdate                              0x08004820   Section        0  pid.o(i.pidUpdate)
    i.sendcmd                                0x0800487e   Section        0  jy901.o(i.sendcmd)
    .constdata                               0x08004894   Section     2072  oled.o(.constdata)
    .constdata                               0x080050ac   Section       18  stm32f1xx_hal_rcc.o(.constdata)
    aPredivFactorTable                       0x080050ac   Data           2  stm32f1xx_hal_rcc.o(.constdata)
    aPLLMULFactorTable                       0x080050ae   Data          16  stm32f1xx_hal_rcc.o(.constdata)
    .constdata                               0x080050be   Section       16  system_stm32f1xx.o(.constdata)
    .constdata                               0x080050ce   Section        8  system_stm32f1xx.o(.constdata)
    .data                                    0x20000000   Section       22  protocol.o(.data)
    .data                                    0x20000016   Section        1  protocol.o(.data)
    .data                                    0x20000018   Section      116  jy901.o(.data)
    ucRxCnt                                  0x20000018   Data           1  jy901.o(.data)
    .data                                    0x2000008c   Section       20  tim.o(.data)
    .data                                    0x200000a0   Section       16  tim.o(.data)
    .data                                    0x200000b0   Section       16  tim.o(.data)
    .data                                    0x200000c0   Section       16  tim.o(.data)
    .data                                    0x200000d0   Section        1  usart.o(.data)
    .data                                    0x200000d1   Section        1  usart.o(.data)
    .data                                    0x200000d2   Section        1  usart.o(.data)
    .data                                    0x200000d3   Section        3  usart.o(.data)
    .data                                    0x200000d6   Section        1  usart.o(.data)
    .data                                    0x200000d7   Section        1  usart.o(.data)
    .data                                    0x200000d8   Section        6  stm32f1xx_it.o(.data)
    cnt_5ms                                  0x200000d8   Data           1  stm32f1xx_it.o(.data)
    cnt_10ms                                 0x200000d9   Data           1  stm32f1xx_it.o(.data)
    cnt_motor                                0x200000da   Data           1  stm32f1xx_it.o(.data)
    .data                                    0x200000e0   Section       16  pid.o(.data)
    .data                                    0x200000f0   Section       40  pid.o(.data)
    .data                                    0x20000118   Section       12  stm32f1xx_hal.o(.data)
    .data                                    0x20000124   Section        4  system_stm32f1xx.o(.data)
    .bss                                     0x20000128   Section       58  protocol.o(.bss)
    .bss                                     0x20000162   Section      250  jy901.o(.bss)
    ucRxBuffer                               0x20000162   Data         250  jy901.o(.bss)
    .bss                                     0x2000025c   Section       84  i2c.o(.bss)
    .bss                                     0x200002b0   Section       88  spi.o(.bss)
    .bss                                     0x20000308   Section      288  tim.o(.bss)
    .bss                                     0x20000428   Section      984  usart.o(.bss)
    .bss                                     0x20000800   Section       16  motion_control.o(.bss)
    .bss                                     0x20000810   Section      676  pid.o(.bss)
    STACK                                    0x20000ab8   Section     1024  startup_stm32f103xe.o(STACK)

    Global Symbols

    Symbol Name                              Value     Ov Type        Size  Object(Section)

    BuildAttributes$$THM_ISAv4$P$D$K$B$S$PE$A:L22UL41UL21$X:L11$S22US41US21$IEEE1$IW$USESV6$~STKCKD$USESV7$~SHL$OTIME$ROPI$EBA8$MICROLIB$REQ8$PRES8$EABIv2 0x00000000   Number         0  anon$$obj.o ABSOLUTE
    __ARM_use_no_argv                        0x00000000   Number         0  main.o ABSOLUTE
    __cpp_initialize__aeabi_                  - Undefined Weak Reference
    __cxa_finalize                            - Undefined Weak Reference
    __decompress                              - Undefined Weak Reference
    _clock_init                               - Undefined Weak Reference
    _microlib_exit                            - Undefined Weak Reference
    __Vectors_Size                           0x00000130   Number         0  startup_stm32f103xe.o ABSOLUTE
    __Vectors                                0x08000000   Data           4  startup_stm32f103xe.o(RESET)
    __Vectors_End                            0x08000130   Data           0  startup_stm32f103xe.o(RESET)
    __main                                   0x08000131   Thumb Code     0  entry.o(.ARM.Collect$$$$00000000)
    _main_stk                                0x08000131   Thumb Code     0  entry2.o(.ARM.Collect$$$$00000001)
    _main_scatterload                        0x08000135   Thumb Code     0  entry5.o(.ARM.Collect$$$$00000004)
    __main_after_scatterload                 0x08000139   Thumb Code     0  entry5.o(.ARM.Collect$$$$00000004)
    _main_clock                              0x08000139   Thumb Code     0  entry7b.o(.ARM.Collect$$$$00000008)
    _main_cpp_init                           0x08000139   Thumb Code     0  entry8b.o(.ARM.Collect$$$$0000000A)
    _main_init                               0x08000139   Thumb Code     0  entry9a.o(.ARM.Collect$$$$0000000B)
    __rt_final_cpp                           0x08000141   Thumb Code     0  entry10a.o(.ARM.Collect$$$$0000000D)
    __rt_final_exit                          0x08000141   Thumb Code     0  entry11a.o(.ARM.Collect$$$$0000000F)
    Reset_Handler                            0x08000145   Thumb Code     8  startup_stm32f103xe.o(.text)
    ADC1_2_IRQHandler                        0x0800015f   Thumb Code     0  startup_stm32f103xe.o(.text)
    ADC3_IRQHandler                          0x0800015f   Thumb Code     0  startup_stm32f103xe.o(.text)
    CAN1_RX1_IRQHandler                      0x0800015f   Thumb Code     0  startup_stm32f103xe.o(.text)
    CAN1_SCE_IRQHandler                      0x0800015f   Thumb Code     0  startup_stm32f103xe.o(.text)
    DMA1_Channel1_IRQHandler                 0x0800015f   Thumb Code     0  startup_stm32f103xe.o(.text)
    DMA1_Channel2_IRQHandler                 0x0800015f   Thumb Code     0  startup_stm32f103xe.o(.text)
    DMA1_Channel3_IRQHandler                 0x0800015f   Thumb Code     0  startup_stm32f103xe.o(.text)
    DMA1_Channel4_IRQHandler                 0x0800015f   Thumb Code     0  startup_stm32f103xe.o(.text)
    DMA1_Channel5_IRQHandler                 0x0800015f   Thumb Code     0  startup_stm32f103xe.o(.text)
    DMA1_Channel6_IRQHandler                 0x0800015f   Thumb Code     0  startup_stm32f103xe.o(.text)
    DMA1_Channel7_IRQHandler                 0x0800015f   Thumb Code     0  startup_stm32f103xe.o(.text)
    DMA2_Channel1_IRQHandler                 0x0800015f   Thumb Code     0  startup_stm32f103xe.o(.text)
    DMA2_Channel2_IRQHandler                 0x0800015f   Thumb Code     0  startup_stm32f103xe.o(.text)
    DMA2_Channel3_IRQHandler                 0x0800015f   Thumb Code     0  startup_stm32f103xe.o(.text)
    DMA2_Channel4_5_IRQHandler               0x0800015f   Thumb Code     0  startup_stm32f103xe.o(.text)
    EXTI0_IRQHandler                         0x0800015f   Thumb Code     0  startup_stm32f103xe.o(.text)
    EXTI15_10_IRQHandler                     0x0800015f   Thumb Code     0  startup_stm32f103xe.o(.text)
    EXTI1_IRQHandler                         0x0800015f   Thumb Code     0  startup_stm32f103xe.o(.text)
    EXTI2_IRQHandler                         0x0800015f   Thumb Code     0  startup_stm32f103xe.o(.text)
    EXTI3_IRQHandler                         0x0800015f   Thumb Code     0  startup_stm32f103xe.o(.text)
    EXTI4_IRQHandler                         0x0800015f   Thumb Code     0  startup_stm32f103xe.o(.text)
    EXTI9_5_IRQHandler                       0x0800015f   Thumb Code     0  startup_stm32f103xe.o(.text)
    FLASH_IRQHandler                         0x0800015f   Thumb Code     0  startup_stm32f103xe.o(.text)
    FSMC_IRQHandler                          0x0800015f   Thumb Code     0  startup_stm32f103xe.o(.text)
    I2C1_ER_IRQHandler                       0x0800015f   Thumb Code     0  startup_stm32f103xe.o(.text)
    I2C1_EV_IRQHandler                       0x0800015f   Thumb Code     0  startup_stm32f103xe.o(.text)
    I2C2_ER_IRQHandler                       0x0800015f   Thumb Code     0  startup_stm32f103xe.o(.text)
    I2C2_EV_IRQHandler                       0x0800015f   Thumb Code     0  startup_stm32f103xe.o(.text)
    PVD_IRQHandler                           0x0800015f   Thumb Code     0  startup_stm32f103xe.o(.text)
    RCC_IRQHandler                           0x0800015f   Thumb Code     0  startup_stm32f103xe.o(.text)
    RTC_Alarm_IRQHandler                     0x0800015f   Thumb Code     0  startup_stm32f103xe.o(.text)
    RTC_IRQHandler                           0x0800015f   Thumb Code     0  startup_stm32f103xe.o(.text)
    SDIO_IRQHandler                          0x0800015f   Thumb Code     0  startup_stm32f103xe.o(.text)
    SPI1_IRQHandler                          0x0800015f   Thumb Code     0  startup_stm32f103xe.o(.text)
    SPI3_IRQHandler                          0x0800015f   Thumb Code     0  startup_stm32f103xe.o(.text)
    TAMPER_IRQHandler                        0x0800015f   Thumb Code     0  startup_stm32f103xe.o(.text)
    TIM1_BRK_IRQHandler                      0x0800015f   Thumb Code     0  startup_stm32f103xe.o(.text)
    TIM1_CC_IRQHandler                       0x0800015f   Thumb Code     0  startup_stm32f103xe.o(.text)
    TIM1_TRG_COM_IRQHandler                  0x0800015f   Thumb Code     0  startup_stm32f103xe.o(.text)
    TIM2_IRQHandler                          0x0800015f   Thumb Code     0  startup_stm32f103xe.o(.text)
    TIM3_IRQHandler                          0x0800015f   Thumb Code     0  startup_stm32f103xe.o(.text)
    TIM4_IRQHandler                          0x0800015f   Thumb Code     0  startup_stm32f103xe.o(.text)
    TIM5_IRQHandler                          0x0800015f   Thumb Code     0  startup_stm32f103xe.o(.text)
    TIM6_IRQHandler                          0x0800015f   Thumb Code     0  startup_stm32f103xe.o(.text)
    TIM7_IRQHandler                          0x0800015f   Thumb Code     0  startup_stm32f103xe.o(.text)
    TIM8_BRK_IRQHandler                      0x0800015f   Thumb Code     0  startup_stm32f103xe.o(.text)
    TIM8_CC_IRQHandler                       0x0800015f   Thumb Code     0  startup_stm32f103xe.o(.text)
    TIM8_TRG_COM_IRQHandler                  0x0800015f   Thumb Code     0  startup_stm32f103xe.o(.text)
    TIM8_UP_IRQHandler                       0x0800015f   Thumb Code     0  startup_stm32f103xe.o(.text)
    UART5_IRQHandler                         0x0800015f   Thumb Code     0  startup_stm32f103xe.o(.text)
    USART2_IRQHandler                        0x0800015f   Thumb Code     0  startup_stm32f103xe.o(.text)
    USBWakeUp_IRQHandler                     0x0800015f   Thumb Code     0  startup_stm32f103xe.o(.text)
    USB_HP_CAN1_TX_IRQHandler                0x0800015f   Thumb Code     0  startup_stm32f103xe.o(.text)
    USB_LP_CAN1_RX0_IRQHandler               0x0800015f   Thumb Code     0  startup_stm32f103xe.o(.text)
    WWDG_IRQHandler                          0x0800015f   Thumb Code     0  startup_stm32f103xe.o(.text)
    __aeabi_llsr                             0x08000169   Thumb Code    32  llushr.o(.text)
    _ll_ushift_r                             0x08000169   Thumb Code     0  llushr.o(.text)
    __aeabi_memset                           0x08000189   Thumb Code    14  memseta.o(.text)
    __aeabi_memset4                          0x08000189   Thumb Code     0  memseta.o(.text)
    __aeabi_memset8                          0x08000189   Thumb Code     0  memseta.o(.text)
    __aeabi_memclr                           0x08000197   Thumb Code     4  memseta.o(.text)
    __aeabi_memclr4                          0x08000197   Thumb Code     0  memseta.o(.text)
    __aeabi_memclr8                          0x08000197   Thumb Code     0  memseta.o(.text)
    _memset$wrapper                          0x0800019b   Thumb Code    18  memseta.o(.text)
    __aeabi_fadd                             0x080001ad   Thumb Code   164  fadd.o(.text)
    __aeabi_fsub                             0x08000251   Thumb Code     6  fadd.o(.text)
    __aeabi_frsub                            0x08000257   Thumb Code     6  fadd.o(.text)
    __aeabi_fmul                             0x0800025d   Thumb Code   100  fmul.o(.text)
    __aeabi_fdiv                             0x080002c1   Thumb Code   124  fdiv.o(.text)
    __ARM_scalbnf                            0x0800033d   Thumb Code    24  fscalb.o(.text)
    scalbnf                                  0x0800033d   Thumb Code     0  fscalb.o(.text)
    __aeabi_dmul                             0x08000355   Thumb Code   228  dmul.o(.text)
    __aeabi_ddiv                             0x08000439   Thumb Code   222  ddiv.o(.text)
    __aeabi_i2f                              0x08000517   Thumb Code    18  fflti.o(.text)
    __aeabi_ui2f                             0x08000529   Thumb Code    10  ffltui.o(.text)
    __aeabi_ui2d                             0x08000533   Thumb Code    26  dfltui.o(.text)
    __aeabi_f2iz                             0x0800054d   Thumb Code    50  ffixi.o(.text)
    __aeabi_d2uiz                            0x0800057f   Thumb Code    50  dfixui.o(.text)
    __aeabi_d2f                              0x080005b1   Thumb Code    56  d2f.o(.text)
    __I$use$fp                               0x080005e9   Thumb Code     0  iusefp.o(.text)
    _float_round                             0x080005e9   Thumb Code    18  fepilogue.o(.text)
    _float_epilogue                          0x080005fb   Thumb Code    92  fepilogue.o(.text)
    _double_round                            0x08000657   Thumb Code    30  depilogue.o(.text)
    _double_epilogue                         0x08000675   Thumb Code   156  depilogue.o(.text)
    __scatterload                            0x08000711   Thumb Code    28  init.o(.text)
    __scatterload_rt2                        0x08000711   Thumb Code     0  init.o(.text)
    __aeabi_llsl                             0x08000735   Thumb Code    30  llshl.o(.text)
    _ll_shift_l                              0x08000735   Thumb Code     0  llshl.o(.text)
    AT24C256_ReadByte                        0x08000755   Thumb Code    26  eeprom.o(i.AT24C256_ReadByte)
    AT24C256_WriteByte                       0x08000775   Thumb Code    26  eeprom.o(i.AT24C256_WriteByte)
    BUZZER_OFF                               0x08000795   Thumb Code    10  tim.o(i.BUZZER_OFF)
    BUZZER_ON                                0x080007a5   Thumb Code    10  tim.o(i.BUZZER_ON)
    BusFault_Handler                         0x080007b5   Thumb Code     2  stm32f1xx_it.o(i.BusFault_Handler)
    Buzzer_Disp                              0x080007b9   Thumb Code   240  stm32f1xx_it.o(i.Buzzer_Disp)
    Buzzer_Reset                             0x080008b1   Thumb Code    34  tim.o(i.Buzzer_Reset)
    Clear_CMD_Flag                           0x080008d9   Thumb Code    10  protocol.o(i.Clear_CMD_Flag)
    CopeSerial3Data                          0x080008e9   Thumb Code   172  jy901.o(i.CopeSerial3Data)
    DebugMon_Handler                         0x0800099d   Thumb Code     2  stm32f1xx_it.o(i.DebugMon_Handler)
    Error_Handler                            0x0800099f   Thumb Code     4  main.o(i.Error_Handler)
    Get_CMD_Length                           0x080009a5   Thumb Code     6  protocol.o(i.Get_CMD_Length)
    Get_RxBuffer                             0x080009b1   Thumb Code     4  protocol.o(i.Get_RxBuffer)
    HAL_DMA_Abort                            0x080009b9   Thumb Code    70  stm32f1xx_hal_dma.o(i.HAL_DMA_Abort)
    HAL_DMA_Abort_IT                         0x08000a01   Thumb Code   296  stm32f1xx_hal_dma.o(i.HAL_DMA_Abort_IT)
    HAL_Delay                                0x08000b31   Thumb Code    32  stm32f1xx_hal.o(i.HAL_Delay)
    HAL_GPIO_Init                            0x08000b55   Thumb Code   462  stm32f1xx_hal_gpio.o(i.HAL_GPIO_Init)
    HAL_GPIO_WritePin                        0x08000d4d   Thumb Code    10  stm32f1xx_hal_gpio.o(i.HAL_GPIO_WritePin)
    HAL_GetTick                              0x08000d59   Thumb Code     6  stm32f1xx_hal.o(i.HAL_GetTick)
    HAL_I2C_Init                             0x08000d65   Thumb Code   376  stm32f1xx_hal_i2c.o(i.HAL_I2C_Init)
    HAL_I2C_Mem_Read                         0x08000eed   Thumb Code   586  stm32f1xx_hal_i2c.o(i.HAL_I2C_Mem_Read)
    HAL_I2C_Mem_Write                        0x08001149   Thumb Code   294  stm32f1xx_hal_i2c.o(i.HAL_I2C_Mem_Write)
    HAL_I2C_MspInit                          0x08001279   Thumb Code    80  i2c.o(i.HAL_I2C_MspInit)
    HAL_IncTick                              0x080012d5   Thumb Code    12  stm32f1xx_hal.o(i.HAL_IncTick)
    HAL_Init                                 0x080012e5   Thumb Code    32  stm32f1xx_hal.o(i.HAL_Init)
    HAL_InitTick                             0x08001309   Thumb Code    54  stm32f1xx_hal.o(i.HAL_InitTick)
    HAL_MspInit                              0x08001349   Thumb Code    58  stm32f1xx_hal_msp.o(i.HAL_MspInit)
    HAL_NVIC_EnableIRQ                       0x0800138d   Thumb Code    26  stm32f1xx_hal_cortex.o(i.HAL_NVIC_EnableIRQ)
    HAL_NVIC_SetPriority                     0x080013a9   Thumb Code    60  stm32f1xx_hal_cortex.o(i.HAL_NVIC_SetPriority)
    HAL_NVIC_SetPriorityGrouping             0x080013e9   Thumb Code    26  stm32f1xx_hal_cortex.o(i.HAL_NVIC_SetPriorityGrouping)
    HAL_RCC_ClockConfig                      0x0800140d   Thumb Code   280  stm32f1xx_hal_rcc.o(i.HAL_RCC_ClockConfig)
    HAL_RCC_GetPCLK1Freq                     0x08001539   Thumb Code    20  stm32f1xx_hal_rcc.o(i.HAL_RCC_GetPCLK1Freq)
    HAL_RCC_GetPCLK2Freq                     0x08001559   Thumb Code    20  stm32f1xx_hal_rcc.o(i.HAL_RCC_GetPCLK2Freq)
    HAL_RCC_GetSysClockFreq                  0x08001579   Thumb Code    58  stm32f1xx_hal_rcc.o(i.HAL_RCC_GetSysClockFreq)
    HAL_RCC_OscConfig                        0x080015c5   Thumb Code   778  stm32f1xx_hal_rcc.o(i.HAL_RCC_OscConfig)
    HAL_SPI_ErrorCallback                    0x080018e5   Thumb Code     2  stm32f1xx_hal_spi.o(i.HAL_SPI_ErrorCallback)
    HAL_SPI_IRQHandler                       0x080018e9   Thumb Code   220  stm32f1xx_hal_spi.o(i.HAL_SPI_IRQHandler)
    HAL_SPI_Init                             0x080019c9   Thumb Code   178  stm32f1xx_hal_spi.o(i.HAL_SPI_Init)
    HAL_SPI_MspInit                          0x08001a7d   Thumb Code   114  spi.o(i.HAL_SPI_MspInit)
    HAL_SYSTICK_Config                       0x08001afd   Thumb Code    40  stm32f1xx_hal_cortex.o(i.HAL_SYSTICK_Config)
    HAL_TIMEx_BreakCallback                  0x08001b25   Thumb Code     2  stm32f1xx_hal_tim_ex.o(i.HAL_TIMEx_BreakCallback)
    HAL_TIMEx_CommutCallback                 0x08001b27   Thumb Code     2  stm32f1xx_hal_tim_ex.o(i.HAL_TIMEx_CommutCallback)
    HAL_TIMEx_MasterConfigSynchronization    0x08001b29   Thumb Code   104  stm32f1xx_hal_tim_ex.o(i.HAL_TIMEx_MasterConfigSynchronization)
    HAL_TIM_Base_GetState                    0x08001ba5   Thumb Code     6  stm32f1xx_hal_tim.o(i.HAL_TIM_Base_GetState)
    HAL_TIM_Base_Init                        0x08001bab   Thumb Code    90  stm32f1xx_hal_tim.o(i.HAL_TIM_Base_Init)
    HAL_TIM_Base_MspInit                     0x08001c05   Thumb Code   116  tim.o(i.HAL_TIM_Base_MspInit)
    HAL_TIM_Base_Start_IT                    0x08001c8d   Thumb Code    88  stm32f1xx_hal_tim.o(i.HAL_TIM_Base_Start_IT)
    HAL_TIM_Base_Stop                        0x08001cf9   Thumb Code    38  stm32f1xx_hal_tim.o(i.HAL_TIM_Base_Stop)
    HAL_TIM_Base_Stop_IT                     0x08001d1f   Thumb Code    48  stm32f1xx_hal_tim.o(i.HAL_TIM_Base_Stop_IT)
    HAL_TIM_ConfigClockSource                0x08001d4f   Thumb Code   220  stm32f1xx_hal_tim.o(i.HAL_TIM_ConfigClockSource)
    HAL_TIM_IC_CaptureCallback               0x08001e2b   Thumb Code     2  stm32f1xx_hal_tim.o(i.HAL_TIM_IC_CaptureCallback)
    HAL_TIM_IRQHandler                       0x08001e2d   Thumb Code   304  stm32f1xx_hal_tim.o(i.HAL_TIM_IRQHandler)
    HAL_TIM_MspPostInit                      0x08001f5d   Thumb Code   160  tim.o(i.HAL_TIM_MspPostInit)
    HAL_TIM_OC_DelayElapsedCallback          0x08002015   Thumb Code     2  stm32f1xx_hal_tim.o(i.HAL_TIM_OC_DelayElapsedCallback)
    HAL_TIM_PWM_ConfigChannel                0x08002017   Thumb Code   204  stm32f1xx_hal_tim.o(i.HAL_TIM_PWM_ConfigChannel)
    HAL_TIM_PWM_Init                         0x080020e3   Thumb Code    90  stm32f1xx_hal_tim.o(i.HAL_TIM_PWM_Init)
    HAL_TIM_PWM_MspInit                      0x0800213d   Thumb Code     2  stm32f1xx_hal_tim.o(i.HAL_TIM_PWM_MspInit)
    HAL_TIM_PWM_PulseFinishedCallback        0x0800213f   Thumb Code     2  stm32f1xx_hal_tim.o(i.HAL_TIM_PWM_PulseFinishedCallback)
    HAL_TIM_PWM_Start_IT                     0x08002141   Thumb Code   204  stm32f1xx_hal_tim.o(i.HAL_TIM_PWM_Start_IT)
    HAL_TIM_PeriodElapsedCallback            0x08002221   Thumb Code     2  stm32f1xx_hal_tim.o(i.HAL_TIM_PeriodElapsedCallback)
    HAL_TIM_TriggerCallback                  0x08002223   Thumb Code     2  stm32f1xx_hal_tim.o(i.HAL_TIM_TriggerCallback)
    HAL_UARTEx_RxEventCallback               0x08002225   Thumb Code     2  stm32f1xx_hal_uart.o(i.HAL_UARTEx_RxEventCallback)
    HAL_UART_ErrorCallback                   0x08002227   Thumb Code     2  stm32f1xx_hal_uart.o(i.HAL_UART_ErrorCallback)
    HAL_UART_IRQHandler                      0x08002229   Thumb Code   616  stm32f1xx_hal_uart.o(i.HAL_UART_IRQHandler)
    HAL_UART_Init                            0x08002495   Thumb Code   100  stm32f1xx_hal_uart.o(i.HAL_UART_Init)
    HAL_UART_MspInit                         0x080024f9   Thumb Code   280  usart.o(i.HAL_UART_MspInit)
    HAL_UART_Receive_IT                      0x0800262d   Thumb Code    28  stm32f1xx_hal_uart.o(i.HAL_UART_Receive_IT)
    HAL_UART_RxCpltCallback                  0x08002649   Thumb Code    62  stm32f1xx_it.o(i.HAL_UART_RxCpltCallback)
    HAL_UART_Transmit_IT                     0x080026a1   Thumb Code    50  stm32f1xx_hal_uart.o(i.HAL_UART_Transmit_IT)
    HAL_UART_TxCpltCallback                  0x080026d3   Thumb Code     2  stm32f1xx_hal_uart.o(i.HAL_UART_TxCpltCallback)
    HardFault_Handler                        0x080026d5   Thumb Code     2  stm32f1xx_it.o(i.HardFault_Handler)
    Is_Recv_New_Cmd                          0x08002b15   Thumb Code     6  protocol.o(i.Is_Recv_New_Cmd)
    LED1_OFF                                 0x08002b21   Thumb Code    10  gpio.o(i.LED1_OFF)
    LED1_ON                                  0x08002b31   Thumb Code    10  gpio.o(i.LED1_ON)
    LED2_OFF                                 0x08002b41   Thumb Code    10  gpio.o(i.LED2_OFF)
    LED2_ON                                  0x08002b51   Thumb Code    10  gpio.o(i.LED2_ON)
    LEDF_OFF                                 0x08002b61   Thumb Code    12  gpio.o(i.LEDF_OFF)
    LEDF_ON                                  0x08002b71   Thumb Code    10  gpio.o(i.LEDF_ON)
    MX_GPIO_Init                             0x08002b81   Thumb Code   156  gpio.o(i.MX_GPIO_Init)
    MX_I2C1_Init                             0x08002c29   Thumb Code    50  i2c.o(i.MX_I2C1_Init)
    MX_SPI2_Init                             0x08002c69   Thumb Code    50  spi.o(i.MX_SPI2_Init)
    MX_TIM1_Init                             0x08002ca5   Thumb Code    96  tim.o(i.MX_TIM1_Init)
    MX_TIM3_Init                             0x08002d0d   Thumb Code   192  tim.o(i.MX_TIM3_Init)
    MX_TIM4_Init                             0x08002dd5   Thumb Code   144  tim.o(i.MX_TIM4_Init)
    MX_TIM5_Init                             0x08002e6d   Thumb Code   192  tim.o(i.MX_TIM5_Init)
    MX_UART4_Init                            0x08002f35   Thumb Code    48  usart.o(i.MX_UART4_Init)
    MX_USART1_UART_Init                      0x08002f6d   Thumb Code    48  usart.o(i.MX_USART1_UART_Init)
    MX_USART3_UART_Init                      0x08002fa5   Thumb Code    48  usart.o(i.MX_USART3_UART_Init)
    MemManage_Handler                        0x08002fdd   Thumb Code     2  stm32f1xx_it.o(i.MemManage_Handler)
    MotorControl                             0x08002fe1   Thumb Code   852  motion_control.o(i.MotorControl)
    Motor_Init                               0x08003359   Thumb Code    48  motor.o(i.Motor_Init)
    Motor_Set_Speed                          0x08003391   Thumb Code    64  motor.o(i.Motor_Set_Speed)
    NMI_Handler                              0x080033d9   Thumb Code     2  stm32f1xx_it.o(i.NMI_Handler)
    OLED_CLS                                 0x080033db   Thumb Code     6  oled.o(i.OLED_CLS)
    OLED_Fill                                0x080033e1   Thumb Code    56  oled.o(i.OLED_Fill)
    OLED_Init                                0x08003419   Thumb Code   180  oled.o(i.OLED_Init)
    OLED_SetPos                              0x080034cd   Thumb Code    38  oled.o(i.OLED_SetPos)
    OLED_ShowStr                             0x080034f5   Thumb Code   208  oled.o(i.OLED_ShowStr)
    Open_Motion_Control_It                   0x080035cd   Thumb Code   168  stm32f1xx_it.o(i.Open_Motion_Control_It)
    Out_Send_Data                            0x08003689   Thumb Code   142  protocol.o(i.Out_Send_Data)
    Parse_Cmd_Data                           0x08003719   Thumb Code   518  protocol.o(i.Parse_Cmd_Data)
    PendSV_Handler                           0x08003965   Thumb Code     2  stm32f1xx_it.o(i.PendSV_Handler)
    Robot_GoBack                             0x08003967   Thumb Code    46  motion_control.o(i.Robot_GoBack)
    Robot_PidControl                         0x08003995   Thumb Code   294  motion_control.o(i.Robot_PidControl)
    Robot_RightLeft                          0x08003af5   Thumb Code    46  motion_control.o(i.Robot_RightLeft)
    Robot_UpDown                             0x08003b23   Thumb Code    46  motion_control.o(i.Robot_UpDown)
    SPI2_IRQHandler                          0x08003b51   Thumb Code     6  stm32f1xx_it.o(i.SPI2_IRQHandler)
    SVC_Handler                              0x08003b6d   Thumb Code     2  stm32f1xx_it.o(i.SVC_Handler)
    SysTick_Handler                          0x08003b6f   Thumb Code     4  stm32f1xx_it.o(i.SysTick_Handler)
    SystemClock_Config                       0x08003b73   Thumb Code    94  main.o(i.SystemClock_Config)
    SystemInit                               0x08003bd1   Thumb Code     2  system_stm32f1xx.o(i.SystemInit)
    TIM1_UP_IRQHandler                       0x08003bd5   Thumb Code   174  stm32f1xx_it.o(i.TIM1_UP_IRQHandler)
    TIM_Base_SetConfig                       0x08003cad   Thumb Code   134  stm32f1xx_hal_tim.o(i.TIM_Base_SetConfig)
    TIM_CCxChannelCmd                        0x08003d49   Thumb Code    26  stm32f1xx_hal_tim.o(i.TIM_CCxChannelCmd)
    TIM_ETR_SetConfig                        0x08003d63   Thumb Code    20  stm32f1xx_hal_tim.o(i.TIM_ETR_SetConfig)
    TIM_OC2_SetConfig                        0x08003de9   Thumb Code    98  stm32f1xx_hal_tim.o(i.TIM_OC2_SetConfig)
    UART1_Put_Char                           0x08003f55   Thumb Code    28  usart.o(i.UART1_Put_Char)
    UART3_Put_Char                           0x08003f79   Thumb Code    28  usart.o(i.UART3_Put_Char)
    UART4_IRQHandler                         0x08003f9d   Thumb Code    68  stm32f1xx_it.o(i.UART4_IRQHandler)
    UART_Start_Receive_IT                    0x080041cd   Thumb Code    54  stm32f1xx_hal_uart.o(i.UART_Start_Receive_IT)
    USART1_IRQHandler                        0x08004205   Thumb Code    68  stm32f1xx_it.o(i.USART1_IRQHandler)
    USART3_IRQHandler                        0x0800425d   Thumb Code    68  stm32f1xx_it.o(i.USART3_IRQHandler)
    Upper_Data_Receive                       0x080042b5   Thumb Code   180  protocol.o(i.Upper_Data_Receive)
    UsageFault_Handler                       0x08004371   Thumb Code     2  stm32f1xx_it.o(i.UsageFault_Handler)
    WriteCmd                                 0x08004375   Thumb Code    30  oled.o(i.WriteCmd)
    WriteDat                                 0x08004399   Thumb Code    30  oled.o(i.WriteDat)
    __scatterload_copy                       0x080043dd   Thumb Code    14  handlers.o(i.__scatterload_copy)
    __scatterload_null                       0x080043eb   Thumb Code     2  handlers.o(i.__scatterload_null)
    __scatterload_zeroinit                   0x080043ed   Thumb Code    14  handlers.o(i.__scatterload_zeroinit)
    jy901_calibration                        0x080043fd   Thumb Code    74  jy901.o(i.jy901_calibration)
    jy901_init                               0x0800444d   Thumb Code   102  jy901.o(i.jy901_init)
    main                                     0x080044b9   Thumb Code   362  main.o(i.main)
    pidParamLoad                             0x08004691   Thumb Code   146  pid.o(i.pidParamLoad)
    pidParamUpdate                           0x08004731   Thumb Code   142  pid.o(i.pidParamUpdate)
    pidRest                                  0x080047cd   Thumb Code    74  pid.o(i.pidRest)
    pidUpdate                                0x08004821   Thumb Code    94  pid.o(i.pidUpdate)
    sendcmd                                  0x0800487f   Thumb Code    22  jy901.o(i.sendcmd)
    F6x8                                     0x08004894   Data         552  oled.o(.constdata)
    F8X16                                    0x08004abc   Data        1520  oled.o(.constdata)
    AHBPrescTable                            0x080050be   Data          16  system_stm32f1xx.o(.constdata)
    APBPrescTable                            0x080050ce   Data           8  system_stm32f1xx.o(.constdata)
    Region$$Table$$Base                      0x080050d8   Number         0  anon$$obj.o(Region$$Table)
    Region$$Table$$Limit                     0x080050f8   Number         0  anon$$obj.o(Region$$Table)
    RxIndex                                  0x20000000   Data           1  protocol.o(.data)
    RxFlag                                   0x20000001   Data           1  protocol.o(.data)
    New_Speed_Flag                           0x20000002   Data           1  protocol.o(.data)
    pidflag_recv                             0x20000003   Data           1  protocol.o(.data)
    flash_flag                               0x20000004   Data           1  protocol.o(.data)
    openclose_rev                            0x20000005   Data           1  protocol.o(.data)
    Led1_Flag                                0x20000006   Data           1  protocol.o(.data)
    Ledf_Flag                                0x20000007   Data           1  protocol.o(.data)
    New_CMD_flag                             0x20000008   Data           1  protocol.o(.data)
    New_CMD_length                           0x20000009   Data           1  protocol.o(.data)
    goback_rev                               0x2000000a   Data           2  protocol.o(.data)
    rightleft_rev                            0x2000000c   Data           2  protocol.o(.data)
    updown_rev                               0x2000000e   Data           2  protocol.o(.data)
    pitch_rev                                0x20000010   Data           2  protocol.o(.data)
    roll_rev                                 0x20000012   Data           2  protocol.o(.data)
    yaw_rev                                  0x20000014   Data           2  protocol.o(.data)
    Led2_Flag                                0x20000016   Data           1  protocol.o(.data)
    JY_CMD_UNLOCK                            0x20000019   Data           5  jy901.o(.data)
    JY_CMD_ALGORITHM                         0x2000001e   Data           5  jy901.o(.data)
    JY_CMD_RRATE                             0x20000023   Data           5  jy901.o(.data)
    JY_CMD_ACC_CALIBRATION                   0x20000028   Data           5  jy901.o(.data)
    JY_CMD_Angle_CALIBRATION                 0x2000002d   Data           5  jy901.o(.data)
    JY_CMD_YAW_ZERO                          0x20000032   Data           5  jy901.o(.data)
    JY_CMD_SAVE_CFG                          0x20000037   Data           5  jy901.o(.data)
    stcTime                                  0x2000003c   Data           8  jy901.o(.data)
    stcAcc                                   0x20000044   Data           8  jy901.o(.data)
    stcGyro                                  0x2000004c   Data           8  jy901.o(.data)
    stcAngle                                 0x20000054   Data           8  jy901.o(.data)
    stcMag                                   0x2000005c   Data           8  jy901.o(.data)
    stcDStatus                               0x20000064   Data           8  jy901.o(.data)
    stcPress                                 0x2000006c   Data           8  jy901.o(.data)
    stcLonLat                                0x20000074   Data           8  jy901.o(.data)
    stcGPSV                                  0x2000007c   Data           8  jy901.o(.data)
    stcQ                                     0x20000084   Data           8  jy901.o(.data)
    Buzzer_time                              0x2000008c   Data           1  tim.o(.data)
    Count_Beat                               0x2000008e   Data           2  tim.o(.data)
    Buzzer_cnt                               0x20000090   Data           4  tim.o(.data)
    pBuzzer                                  0x20000094   Data          12  tim.o(.data)
    Start_Robot                              0x200000a0   Data          16  tim.o(.data)
    Open_Con                                 0x200000b0   Data          16  tim.o(.data)
    Closed_Con                               0x200000c0   Data          16  tim.o(.data)
    TxCounter1                               0x200000d0   Data           1  usart.o(.data)
    TxCounter3                               0x200000d1   Data           1  usart.o(.data)
    TxCounter4                               0x200000d2   Data           1  usart.o(.data)
    count1                                   0x200000d3   Data           1  usart.o(.data)
    count3                                   0x200000d4   Data           1  usart.o(.data)
    count4                                   0x200000d5   Data           1  usart.o(.data)
    Rx1_Temp                                 0x200000d6   Data           1  usart.o(.data)
    Rx3_Temp                                 0x200000d7   Data           1  usart.o(.data)
    updown_num                               0x200000db   Data           1  stm32f1xx_it.o(.data)
    rightleft_num                            0x200000dc   Data           1  stm32f1xx_it.o(.data)
    goback_num                               0x200000dd   Data           1  stm32f1xx_it.o(.data)
    pid_interval_cnt                         0x200000e0   Data           1  pid.o(.data)
    pid_interval                             0x200000e8   Data           8  pid.o(.data)
    pPidObject                               0x200000f0   Data          40  pid.o(.data)
    uwTickFreq                               0x20000118   Data           1  stm32f1xx_hal.o(.data)
    uwTickPrio                               0x2000011c   Data           4  stm32f1xx_hal.o(.data)
    uwTick                                   0x20000120   Data           4  stm32f1xx_hal.o(.data)
    SystemCoreClock                          0x20000124   Data           4  system_stm32f1xx.o(.data)
    Flash_Pid                                0x20000128   Data          38  protocol.o(.bss)
    RxBuffer                                 0x2000014e   Data          20  protocol.o(.bss)
    hi2c1                                    0x2000025c   Data          84  i2c.o(.bss)
    hspi2                                    0x200002b0   Data          88  spi.o(.bss)
    htim1                                    0x20000308   Data          72  tim.o(.bss)
    htim3                                    0x20000350   Data          72  tim.o(.bss)
    htim4                                    0x20000398   Data          72  tim.o(.bss)
    htim5                                    0x200003e0   Data          72  tim.o(.bss)
    TxBuffer1                                0x20000428   Data         256  usart.o(.bss)
    TxBuffer3                                0x20000528   Data         256  usart.o(.bss)
    TxBuffer4                                0x20000628   Data         256  usart.o(.bss)
    huart4                                   0x20000728   Data          72  usart.o(.bss)
    huart1                                   0x20000770   Data          72  usart.o(.bss)
    huart3                                   0x200007b8   Data          72  usart.o(.bss)
    motor                                    0x20000800   Data          16  motion_control.o(.bss)
    pidAccX                                  0x20000810   Data          52  pid.o(.bss)
    pidAccY                                  0x20000844   Data          52  pid.o(.bss)
    pidAccZ                                  0x20000878   Data          52  pid.o(.bss)
    pidRateX                                 0x200008ac   Data          52  pid.o(.bss)
    pidRateY                                 0x200008e0   Data          52  pid.o(.bss)
    pidRateZ                                 0x20000914   Data          52  pid.o(.bss)
    pidPitch                                 0x20000948   Data          52  pid.o(.bss)
    pidRoll                                  0x2000097c   Data          52  pid.o(.bss)
    pidYaw                                   0x200009b0   Data          52  pid.o(.bss)
    pidRateX_F                               0x200009e4   Data          52  pid.o(.bss)
    pidRateY_F                               0x20000a18   Data          52  pid.o(.bss)
    pidRoll_F                                0x20000a4c   Data          52  pid.o(.bss)
    pidPitch_F                               0x20000a80   Data          52  pid.o(.bss)
    __initial_sp                             0x20000eb8   Data           0  startup_stm32f103xe.o(STACK)



==============================================================================

Memory Map of the image

  Image Entry point : 0x08000131

  Load Region LR_IROM1 (Base: 0x08000000, Size: 0x00005220, Max: 0x00040000, ABSOLUTE)

    Execution Region ER_IROM1 (Exec base: 0x08000000, Load base: 0x08000000, Size: 0x000050f8, Max: 0x00040000, ABSOLUTE)

    Exec Addr    Load Addr    Size         Type   Attr      Idx    E Section Name        Object

    0x08000000   0x08000000   0x00000130   Data   RO            3    RESET               startup_stm32f103xe.o
    0x08000130   0x08000130   0x00000000   Code   RO         4315  * .ARM.Collect$$$$00000000  mc_w.l(entry.o)
    0x08000130   0x08000130   0x00000004   Code   RO         4346    .ARM.Collect$$$$00000001  mc_w.l(entry2.o)
    0x08000134   0x08000134   0x00000004   Code   RO         4349    .ARM.Collect$$$$00000004  mc_w.l(entry5.o)
    0x08000138   0x08000138   0x00000000   Code   RO         4351    .ARM.Collect$$$$00000008  mc_w.l(entry7b.o)
    0x08000138   0x08000138   0x00000000   Code   RO         4353    .ARM.Collect$$$$0000000A  mc_w.l(entry8b.o)
    0x08000138   0x08000138   0x00000008   Code   RO         4354    .ARM.Collect$$$$0000000B  mc_w.l(entry9a.o)
    0x08000140   0x08000140   0x00000000   Code   RO         4356    .ARM.Collect$$$$0000000D  mc_w.l(entry10a.o)
    0x08000140   0x08000140   0x00000000   Code   RO         4358    .ARM.Collect$$$$0000000F  mc_w.l(entry11a.o)
    0x08000140   0x08000140   0x00000004   Code   RO         4347    .ARM.Collect$$$$00002712  mc_w.l(entry2.o)
    0x08000144   0x08000144   0x00000024   Code   RO            4    .text               startup_stm32f103xe.o
    0x08000168   0x08000168   0x00000020   Code   RO         4318    .text               mc_w.l(llushr.o)
    0x08000188   0x08000188   0x00000024   Code   RO         4320    .text               mc_w.l(memseta.o)
    0x080001ac   0x080001ac   0x000000b0   Code   RO         4322    .text               mf_w.l(fadd.o)
    0x0800025c   0x0800025c   0x00000064   Code   RO         4324    .text               mf_w.l(fmul.o)
    0x080002c0   0x080002c0   0x0000007c   Code   RO         4326    .text               mf_w.l(fdiv.o)
    0x0800033c   0x0800033c   0x00000018   Code   RO         4328    .text               mf_w.l(fscalb.o)
    0x08000354   0x08000354   0x000000e4   Code   RO         4330    .text               mf_w.l(dmul.o)
    0x08000438   0x08000438   0x000000de   Code   RO         4332    .text               mf_w.l(ddiv.o)
    0x08000516   0x08000516   0x00000012   Code   RO         4334    .text               mf_w.l(fflti.o)
    0x08000528   0x08000528   0x0000000a   Code   RO         4336    .text               mf_w.l(ffltui.o)
    0x08000532   0x08000532   0x0000001a   Code   RO         4338    .text               mf_w.l(dfltui.o)
    0x0800054c   0x0800054c   0x00000032   Code   RO         4340    .text               mf_w.l(ffixi.o)
    0x0800057e   0x0800057e   0x00000032   Code   RO         4342    .text               mf_w.l(dfixui.o)
    0x080005b0   0x080005b0   0x00000038   Code   RO         4344    .text               mf_w.l(d2f.o)
    0x080005e8   0x080005e8   0x00000000   Code   RO         4360    .text               mc_w.l(iusefp.o)
    0x080005e8   0x080005e8   0x0000006e   Code   RO         4361    .text               mf_w.l(fepilogue.o)
    0x08000656   0x08000656   0x000000ba   Code   RO         4363    .text               mf_w.l(depilogue.o)
    0x08000710   0x08000710   0x00000024   Code   RO         4365    .text               mc_w.l(init.o)
    0x08000734   0x08000734   0x0000001e   Code   RO         4367    .text               mc_w.l(llshl.o)
    0x08000752   0x08000752   0x00000002   PAD
    0x08000754   0x08000754   0x00000020   Code   RO         1142    i.AT24C256_ReadByte  eeprom.o
    0x08000774   0x08000774   0x00000020   Code   RO         1143    i.AT24C256_WriteByte  eeprom.o
    0x08000794   0x08000794   0x00000010   Code   RO          648    i.BUZZER_OFF        tim.o
    0x080007a4   0x080007a4   0x00000010   Code   RO          649    i.BUZZER_ON         tim.o
    0x080007b4   0x080007b4   0x00000002   Code   RO          857    i.BusFault_Handler  stm32f1xx_it.o
    0x080007b6   0x080007b6   0x00000002   PAD
    0x080007b8   0x080007b8   0x000000f8   Code   RO          858    i.Buzzer_Disp       stm32f1xx_it.o
    0x080008b0   0x080008b0   0x00000028   Code   RO          650    i.Buzzer_Reset      tim.o
    0x080008d8   0x080008d8   0x00000010   Code   RO           13    i.Clear_CMD_Flag    protocol.o
    0x080008e8   0x080008e8   0x000000b4   Code   RO          226    i.CopeSerial3Data   jy901.o
    0x0800099c   0x0800099c   0x00000002   Code   RO          859    i.DebugMon_Handler  stm32f1xx_it.o
    0x0800099e   0x0800099e   0x00000004   Code   RO          452    i.Error_Handler     main.o
    0x080009a2   0x080009a2   0x00000002   PAD
    0x080009a4   0x080009a4   0x0000000c   Code   RO           15    i.Get_CMD_Length    protocol.o
    0x080009b0   0x080009b0   0x00000008   Code   RO           16    i.Get_RxBuffer      protocol.o
    0x080009b8   0x080009b8   0x00000046   Code   RO         2026    i.HAL_DMA_Abort     stm32f1xx_hal_dma.o
    0x080009fe   0x080009fe   0x00000002   PAD
    0x08000a00   0x08000a00   0x00000130   Code   RO         2027    i.HAL_DMA_Abort_IT  stm32f1xx_hal_dma.o
    0x08000b30   0x08000b30   0x00000024   Code   RO         1652    i.HAL_Delay         stm32f1xx_hal.o
    0x08000b54   0x08000b54   0x000001f8   Code   RO         1962    i.HAL_GPIO_Init     stm32f1xx_hal_gpio.o
    0x08000d4c   0x08000d4c   0x0000000a   Code   RO         1966    i.HAL_GPIO_WritePin  stm32f1xx_hal_gpio.o
    0x08000d56   0x08000d56   0x00000002   PAD
    0x08000d58   0x08000d58   0x0000000c   Code   RO         1656    i.HAL_GetTick       stm32f1xx_hal.o
    0x08000d64   0x08000d64   0x00000188   Code   RO         1219    i.HAL_I2C_Init      stm32f1xx_hal_i2c.o
    0x08000eec   0x08000eec   0x0000025c   Code   RO         1237    i.HAL_I2C_Mem_Read  stm32f1xx_hal_i2c.o
    0x08001148   0x08001148   0x00000130   Code   RO         1240    i.HAL_I2C_Mem_Write  stm32f1xx_hal_i2c.o
    0x08001278   0x08001278   0x0000005c   Code   RO          560    i.HAL_I2C_MspInit   i2c.o
    0x080012d4   0x080012d4   0x00000010   Code   RO         1662    i.HAL_IncTick       stm32f1xx_hal.o
    0x080012e4   0x080012e4   0x00000024   Code   RO         1663    i.HAL_Init          stm32f1xx_hal.o
    0x08001308   0x08001308   0x00000040   Code   RO         1664    i.HAL_InitTick      stm32f1xx_hal.o
    0x08001348   0x08001348   0x00000044   Code   RO          987    i.HAL_MspInit       stm32f1xx_hal_msp.o
    0x0800138c   0x0800138c   0x0000001a   Code   RO         2122    i.HAL_NVIC_EnableIRQ  stm32f1xx_hal_cortex.o
    0x080013a6   0x080013a6   0x00000002   PAD
    0x080013a8   0x080013a8   0x00000040   Code   RO         2128    i.HAL_NVIC_SetPriority  stm32f1xx_hal_cortex.o
    0x080013e8   0x080013e8   0x00000024   Code   RO         2129    i.HAL_NVIC_SetPriorityGrouping  stm32f1xx_hal_cortex.o
    0x0800140c   0x0800140c   0x0000012c   Code   RO         1820    i.HAL_RCC_ClockConfig  stm32f1xx_hal_rcc.o
    0x08001538   0x08001538   0x00000020   Code   RO         1827    i.HAL_RCC_GetPCLK1Freq  stm32f1xx_hal_rcc.o
    0x08001558   0x08001558   0x00000020   Code   RO         1828    i.HAL_RCC_GetPCLK2Freq  stm32f1xx_hal_rcc.o
    0x08001578   0x08001578   0x0000004c   Code   RO         1829    i.HAL_RCC_GetSysClockFreq  stm32f1xx_hal_rcc.o
    0x080015c4   0x080015c4   0x00000320   Code   RO         1832    i.HAL_RCC_OscConfig  stm32f1xx_hal_rcc.o
    0x080018e4   0x080018e4   0x00000002   Code   RO         2629    i.HAL_SPI_ErrorCallback  stm32f1xx_hal_spi.o
    0x080018e6   0x080018e6   0x00000002   PAD
    0x080018e8   0x080018e8   0x000000e0   Code   RO         2632    i.HAL_SPI_IRQHandler  stm32f1xx_hal_spi.o
    0x080019c8   0x080019c8   0x000000b2   Code   RO         2633    i.HAL_SPI_Init      stm32f1xx_hal_spi.o
    0x08001a7a   0x08001a7a   0x00000002   PAD
    0x08001a7c   0x08001a7c   0x00000080   Code   RO          602    i.HAL_SPI_MspInit   spi.o
    0x08001afc   0x08001afc   0x00000028   Code   RO         2133    i.HAL_SYSTICK_Config  stm32f1xx_hal_cortex.o
    0x08001b24   0x08001b24   0x00000002   Code   RO         3650    i.HAL_TIMEx_BreakCallback  stm32f1xx_hal_tim_ex.o
    0x08001b26   0x08001b26   0x00000002   Code   RO         3651    i.HAL_TIMEx_CommutCallback  stm32f1xx_hal_tim_ex.o
    0x08001b28   0x08001b28   0x0000007c   Code   RO         3669    i.HAL_TIMEx_MasterConfigSynchronization  stm32f1xx_hal_tim_ex.o
    0x08001ba4   0x08001ba4   0x00000006   Code   RO         2945    i.HAL_TIM_Base_GetState  stm32f1xx_hal_tim.o
    0x08001baa   0x08001baa   0x0000005a   Code   RO         2946    i.HAL_TIM_Base_Init  stm32f1xx_hal_tim.o
    0x08001c04   0x08001c04   0x00000088   Code   RO          652    i.HAL_TIM_Base_MspInit  tim.o
    0x08001c8c   0x08001c8c   0x0000006c   Code   RO         2951    i.HAL_TIM_Base_Start_IT  stm32f1xx_hal_tim.o
    0x08001cf8   0x08001cf8   0x00000026   Code   RO         2952    i.HAL_TIM_Base_Stop  stm32f1xx_hal_tim.o
    0x08001d1e   0x08001d1e   0x00000030   Code   RO         2954    i.HAL_TIM_Base_Stop_IT  stm32f1xx_hal_tim.o
    0x08001d4e   0x08001d4e   0x000000dc   Code   RO         2955    i.HAL_TIM_ConfigClockSource  stm32f1xx_hal_tim.o
    0x08001e2a   0x08001e2a   0x00000002   Code   RO         2980    i.HAL_TIM_IC_CaptureCallback  stm32f1xx_hal_tim.o
    0x08001e2c   0x08001e2c   0x00000130   Code   RO         2994    i.HAL_TIM_IRQHandler  stm32f1xx_hal_tim.o
    0x08001f5c   0x08001f5c   0x000000b8   Code   RO          653    i.HAL_TIM_MspPostInit  tim.o
    0x08002014   0x08002014   0x00000002   Code   RO         2997    i.HAL_TIM_OC_DelayElapsedCallback  stm32f1xx_hal_tim.o
    0x08002016   0x08002016   0x000000cc   Code   RO         3018    i.HAL_TIM_PWM_ConfigChannel  stm32f1xx_hal_tim.o
    0x080020e2   0x080020e2   0x0000005a   Code   RO         3021    i.HAL_TIM_PWM_Init  stm32f1xx_hal_tim.o
    0x0800213c   0x0800213c   0x00000002   Code   RO         3023    i.HAL_TIM_PWM_MspInit  stm32f1xx_hal_tim.o
    0x0800213e   0x0800213e   0x00000002   Code   RO         3024    i.HAL_TIM_PWM_PulseFinishedCallback  stm32f1xx_hal_tim.o
    0x08002140   0x08002140   0x000000e0   Code   RO         3028    i.HAL_TIM_PWM_Start_IT  stm32f1xx_hal_tim.o
    0x08002220   0x08002220   0x00000002   Code   RO         3032    i.HAL_TIM_PeriodElapsedCallback  stm32f1xx_hal_tim.o
    0x08002222   0x08002222   0x00000002   Code   RO         3037    i.HAL_TIM_TriggerCallback  stm32f1xx_hal_tim.o
    0x08002224   0x08002224   0x00000002   Code   RO         3929    i.HAL_UARTEx_RxEventCallback  stm32f1xx_hal_uart.o
    0x08002226   0x08002226   0x00000002   Code   RO         3943    i.HAL_UART_ErrorCallback  stm32f1xx_hal_uart.o
    0x08002228   0x08002228   0x0000026c   Code   RO         3946    i.HAL_UART_IRQHandler  stm32f1xx_hal_uart.o
    0x08002494   0x08002494   0x00000064   Code   RO         3947    i.HAL_UART_Init     stm32f1xx_hal_uart.o
    0x080024f8   0x080024f8   0x00000134   Code   RO          756    i.HAL_UART_MspInit  usart.o
    0x0800262c   0x0800262c   0x0000001c   Code   RO         3952    i.HAL_UART_Receive_IT  stm32f1xx_hal_uart.o
    0x08002648   0x08002648   0x00000058   Code   RO          861    i.HAL_UART_RxCpltCallback  stm32f1xx_it.o
    0x080026a0   0x080026a0   0x00000032   Code   RO         3957    i.HAL_UART_Transmit_IT  stm32f1xx_hal_uart.o
    0x080026d2   0x080026d2   0x00000002   Code   RO         3958    i.HAL_UART_TxCpltCallback  stm32f1xx_hal_uart.o
    0x080026d4   0x080026d4   0x00000002   Code   RO          862    i.HardFault_Handler  stm32f1xx_it.o
    0x080026d6   0x080026d6   0x0000002e   Code   RO         1262    i.I2C_IsAcknowledgeFailed  stm32f1xx_hal_i2c.o
    0x08002704   0x08002704   0x000000fc   Code   RO         1272    i.I2C_RequestMemoryRead  stm32f1xx_hal_i2c.o
    0x08002800   0x08002800   0x000000a8   Code   RO         1273    i.I2C_RequestMemoryWrite  stm32f1xx_hal_i2c.o
    0x080028a8   0x080028a8   0x00000056   Code   RO         1277    i.I2C_WaitOnBTFFlagUntilTimeout  stm32f1xx_hal_i2c.o
    0x080028fe   0x080028fe   0x00000002   PAD
    0x08002900   0x08002900   0x00000090   Code   RO         1278    i.I2C_WaitOnFlagUntilTimeout  stm32f1xx_hal_i2c.o
    0x08002990   0x08002990   0x000000bc   Code   RO         1279    i.I2C_WaitOnMasterAddressFlagUntilTimeout  stm32f1xx_hal_i2c.o
    0x08002a4c   0x08002a4c   0x00000070   Code   RO         1280    i.I2C_WaitOnRXNEFlagUntilTimeout  stm32f1xx_hal_i2c.o
    0x08002abc   0x08002abc   0x00000056   Code   RO         1281    i.I2C_WaitOnTXEFlagUntilTimeout  stm32f1xx_hal_i2c.o
    0x08002b12   0x08002b12   0x00000002   PAD
    0x08002b14   0x08002b14   0x0000000c   Code   RO           17    i.Is_Recv_New_Cmd   protocol.o
    0x08002b20   0x08002b20   0x00000010   Code   RO          499    i.LED1_OFF          gpio.o
    0x08002b30   0x08002b30   0x00000010   Code   RO          500    i.LED1_ON           gpio.o
    0x08002b40   0x08002b40   0x00000010   Code   RO          501    i.LED2_OFF          gpio.o
    0x08002b50   0x08002b50   0x00000010   Code   RO          502    i.LED2_ON           gpio.o
    0x08002b60   0x08002b60   0x00000010   Code   RO          503    i.LEDF_OFF          gpio.o
    0x08002b70   0x08002b70   0x00000010   Code   RO          504    i.LEDF_ON           gpio.o
    0x08002b80   0x08002b80   0x000000a8   Code   RO          505    i.MX_GPIO_Init      gpio.o
    0x08002c28   0x08002c28   0x00000040   Code   RO          561    i.MX_I2C1_Init      i2c.o
    0x08002c68   0x08002c68   0x0000003c   Code   RO          603    i.MX_SPI2_Init      spi.o
    0x08002ca4   0x08002ca4   0x00000068   Code   RO          654    i.MX_TIM1_Init      tim.o
    0x08002d0c   0x08002d0c   0x000000c8   Code   RO          655    i.MX_TIM3_Init      tim.o
    0x08002dd4   0x08002dd4   0x00000098   Code   RO          656    i.MX_TIM4_Init      tim.o
    0x08002e6c   0x08002e6c   0x000000c8   Code   RO          657    i.MX_TIM5_Init      tim.o
    0x08002f34   0x08002f34   0x00000038   Code   RO          757    i.MX_UART4_Init     usart.o
    0x08002f6c   0x08002f6c   0x00000038   Code   RO          758    i.MX_USART1_UART_Init  usart.o
    0x08002fa4   0x08002fa4   0x00000038   Code   RO          759    i.MX_USART3_UART_Init  usart.o
    0x08002fdc   0x08002fdc   0x00000002   Code   RO          863    i.MemManage_Handler  stm32f1xx_it.o
    0x08002fde   0x08002fde   0x00000002   PAD
    0x08002fe0   0x08002fe0   0x00000378   Code   RO         1011    i.MotorControl      motion_control.o
    0x08003358   0x08003358   0x00000038   Code   RO          307    i.Motor_Init        motor.o
    0x08003390   0x08003390   0x00000048   Code   RO          308    i.Motor_Set_Speed   motor.o
    0x080033d8   0x080033d8   0x00000002   Code   RO          864    i.NMI_Handler       stm32f1xx_it.o
    0x080033da   0x080033da   0x00000006   Code   RO          337    i.OLED_CLS          oled.o
    0x080033e0   0x080033e0   0x00000038   Code   RO          339    i.OLED_Fill         oled.o
    0x08003418   0x08003418   0x000000b4   Code   RO          340    i.OLED_Init         oled.o
    0x080034cc   0x080034cc   0x00000026   Code   RO          343    i.OLED_SetPos       oled.o
    0x080034f2   0x080034f2   0x00000002   PAD
    0x080034f4   0x080034f4   0x000000d8   Code   RO          348    i.OLED_ShowStr      oled.o
    0x080035cc   0x080035cc   0x000000bc   Code   RO          865    i.Open_Motion_Control_It  stm32f1xx_it.o
    0x08003688   0x08003688   0x0000008e   Code   RO           18    i.Out_Send_Data     protocol.o
    0x08003716   0x08003716   0x00000002   PAD
    0x08003718   0x08003718   0x0000024c   Code   RO           19    i.Parse_Cmd_Data    protocol.o
    0x08003964   0x08003964   0x00000002   Code   RO          866    i.PendSV_Handler    stm32f1xx_it.o
    0x08003966   0x08003966   0x0000002e   Code   RO         1013    i.Robot_GoBack      motion_control.o
    0x08003994   0x08003994   0x00000160   Code   RO         1014    i.Robot_PidControl  motion_control.o
    0x08003af4   0x08003af4   0x0000002e   Code   RO         1015    i.Robot_RightLeft   motion_control.o
    0x08003b22   0x08003b22   0x0000002e   Code   RO         1016    i.Robot_UpDown      motion_control.o
    0x08003b50   0x08003b50   0x0000000c   Code   RO          867    i.SPI2_IRQHandler   stm32f1xx_it.o
    0x08003b5c   0x08003b5c   0x00000010   Code   RO         2660    i.SPI_DMAAbortOnError  stm32f1xx_hal_spi.o
    0x08003b6c   0x08003b6c   0x00000002   Code   RO          868    i.SVC_Handler       stm32f1xx_it.o
    0x08003b6e   0x08003b6e   0x00000004   Code   RO          869    i.SysTick_Handler   stm32f1xx_it.o
    0x08003b72   0x08003b72   0x0000005e   Code   RO          453    i.SystemClock_Config  main.o
    0x08003bd0   0x08003bd0   0x00000002   Code   RO         4281    i.SystemInit        system_stm32f1xx.o
    0x08003bd2   0x08003bd2   0x00000002   PAD
    0x08003bd4   0x08003bd4   0x000000d8   Code   RO          870    i.TIM1_UP_IRQHandler  stm32f1xx_it.o
    0x08003cac   0x08003cac   0x0000009c   Code   RO         3039    i.TIM_Base_SetConfig  stm32f1xx_hal_tim.o
    0x08003d48   0x08003d48   0x0000001a   Code   RO         3040    i.TIM_CCxChannelCmd  stm32f1xx_hal_tim.o
    0x08003d62   0x08003d62   0x00000014   Code   RO         3050    i.TIM_ETR_SetConfig  stm32f1xx_hal_tim.o
    0x08003d76   0x08003d76   0x00000010   Code   RO         3051    i.TIM_ITRx_SetConfig  stm32f1xx_hal_tim.o
    0x08003d86   0x08003d86   0x00000002   PAD
    0x08003d88   0x08003d88   0x00000060   Code   RO         3052    i.TIM_OC1_SetConfig  stm32f1xx_hal_tim.o
    0x08003de8   0x08003de8   0x0000006c   Code   RO         3053    i.TIM_OC2_SetConfig  stm32f1xx_hal_tim.o
    0x08003e54   0x08003e54   0x00000068   Code   RO         3054    i.TIM_OC3_SetConfig  stm32f1xx_hal_tim.o
    0x08003ebc   0x08003ebc   0x00000050   Code   RO         3055    i.TIM_OC4_SetConfig  stm32f1xx_hal_tim.o
    0x08003f0c   0x08003f0c   0x00000022   Code   RO         3057    i.TIM_TI1_ConfigInputStage  stm32f1xx_hal_tim.o
    0x08003f2e   0x08003f2e   0x00000024   Code   RO         3059    i.TIM_TI2_ConfigInputStage  stm32f1xx_hal_tim.o
    0x08003f52   0x08003f52   0x00000002   PAD
    0x08003f54   0x08003f54   0x00000024   Code   RO          760    i.UART1_Put_Char    usart.o
    0x08003f78   0x08003f78   0x00000024   Code   RO          762    i.UART3_Put_Char    usart.o
    0x08003f9c   0x08003f9c   0x00000058   Code   RO          871    i.UART4_IRQHandler  stm32f1xx_it.o
    0x08003ff4   0x08003ff4   0x00000010   Code   RO         3960    i.UART_DMAAbortOnError  stm32f1xx_hal_uart.o
    0x08004004   0x08004004   0x0000004e   Code   RO         3970    i.UART_EndRxTransfer  stm32f1xx_hal_uart.o
    0x08004052   0x08004052   0x000000c2   Code   RO         3972    i.UART_Receive_IT   stm32f1xx_hal_uart.o
    0x08004114   0x08004114   0x000000b8   Code   RO         3973    i.UART_SetConfig    stm32f1xx_hal_uart.o
    0x080041cc   0x080041cc   0x00000036   Code   RO         3975    i.UART_Start_Receive_IT  stm32f1xx_hal_uart.o
    0x08004202   0x08004202   0x00000002   PAD
    0x08004204   0x08004204   0x00000058   Code   RO          872    i.USART1_IRQHandler  stm32f1xx_it.o
    0x0800425c   0x0800425c   0x00000058   Code   RO          873    i.USART3_IRQHandler  stm32f1xx_it.o
    0x080042b4   0x080042b4   0x000000bc   Code   RO           20    i.Upper_Data_Receive  protocol.o
    0x08004370   0x08004370   0x00000002   Code   RO          874    i.UsageFault_Handler  stm32f1xx_it.o
    0x08004372   0x08004372   0x00000002   PAD
    0x08004374   0x08004374   0x00000024   Code   RO          349    i.WriteCmd          oled.o
    0x08004398   0x08004398   0x00000024   Code   RO          350    i.WriteDat          oled.o
    0x080043bc   0x080043bc   0x00000020   Code   RO         2135    i.__NVIC_SetPriority  stm32f1xx_hal_cortex.o
    0x080043dc   0x080043dc   0x0000000e   Code   RO         4371    i.__scatterload_copy  mc_w.l(handlers.o)
    0x080043ea   0x080043ea   0x00000002   Code   RO         4372    i.__scatterload_null  mc_w.l(handlers.o)
    0x080043ec   0x080043ec   0x0000000e   Code   RO         4373    i.__scatterload_zeroinit  mc_w.l(handlers.o)
    0x080043fa   0x080043fa   0x00000002   PAD
    0x080043fc   0x080043fc   0x00000050   Code   RO          229    i.jy901_calibration  jy901.o
    0x0800444c   0x0800444c   0x0000006c   Code   RO          230    i.jy901_init        jy901.o
    0x080044b8   0x080044b8   0x000001d8   Code   RO          454    i.main              main.o
    0x08004690   0x08004690   0x000000a0   Code   RO         1077    i.pidParamLoad      pid.o
    0x08004730   0x08004730   0x0000009c   Code   RO         1078    i.pidParamUpdate    pid.o
    0x080047cc   0x080047cc   0x00000054   Code   RO         1079    i.pidRest           pid.o
    0x08004820   0x08004820   0x0000005e   Code   RO         1080    i.pidUpdate         pid.o
    0x0800487e   0x0800487e   0x00000016   Code   RO          231    i.sendcmd           jy901.o
    0x08004894   0x08004894   0x00000818   Data   RO          352    .constdata          oled.o
    0x080050ac   0x080050ac   0x00000012   Data   RO         1833    .constdata          stm32f1xx_hal_rcc.o
    0x080050be   0x080050be   0x00000010   Data   RO         4282    .constdata          system_stm32f1xx.o
    0x080050ce   0x080050ce   0x00000008   Data   RO         4283    .constdata          system_stm32f1xx.o
    0x080050d6   0x080050d6   0x00000002   PAD
    0x080050d8   0x080050d8   0x00000020   Data   RO         4369    Region$$Table       anon$$obj.o


    Execution Region RW_IRAM1 (Exec base: 0x20000000, Load base: 0x080050f8, Size: 0x00000eb8, Max: 0x0000c000, ABSOLUTE)

    Exec Addr    Load Addr    Size         Type   Attr      Idx    E Section Name        Object

    0x20000000   0x080050f8   0x00000016   Data   RW           22    .data               protocol.o
    0x20000016   0x0800510e   0x00000001   Data   RW           23    .data               protocol.o
    0x20000017   0x0800510f   0x00000001   PAD
    0x20000018   0x08005110   0x00000074   Data   RW          233    .data               jy901.o
    0x2000008c   0x08005184   0x00000014   Data   RW          662    .data               tim.o
    0x200000a0   0x08005198   0x00000010   Data   RW          664    .data               tim.o
    0x200000b0   0x080051a8   0x00000010   Data   RW          665    .data               tim.o
    0x200000c0   0x080051b8   0x00000010   Data   RW          666    .data               tim.o
    0x200000d0   0x080051c8   0x00000001   Data   RW          768    .data               usart.o
    0x200000d1   0x080051c9   0x00000001   Data   RW          769    .data               usart.o
    0x200000d2   0x080051ca   0x00000001   Data   RW          770    .data               usart.o
    0x200000d3   0x080051cb   0x00000003   Data   RW          771    .data               usart.o
    0x200000d6   0x080051ce   0x00000001   Data   RW          772    .data               usart.o
    0x200000d7   0x080051cf   0x00000001   Data   RW          773    .data               usart.o
    0x200000d8   0x080051d0   0x00000006   Data   RW          875    .data               stm32f1xx_it.o
    0x200000de   0x080051d6   0x00000002   PAD
    0x200000e0   0x080051d8   0x00000010   Data   RW         1082    .data               pid.o
    0x200000f0   0x080051e8   0x00000028   Data   RW         1083    .data               pid.o
    0x20000118   0x08005210   0x0000000c   Data   RW         1670    .data               stm32f1xx_hal.o
    0x20000124   0x0800521c   0x00000004   Data   RW         4284    .data               system_stm32f1xx.o
    0x20000128        -       0x0000003a   Zero   RW           21    .bss                protocol.o
    0x20000162        -       0x000000fa   Zero   RW          232    .bss                jy901.o
    0x2000025c        -       0x00000054   Zero   RW          562    .bss                i2c.o
    0x200002b0        -       0x00000058   Zero   RW          606    .bss                spi.o
    0x20000308        -       0x00000120   Zero   RW          661    .bss                tim.o
    0x20000428        -       0x000003d8   Zero   RW          767    .bss                usart.o
    0x20000800        -       0x00000010   Zero   RW         1018    .bss                motion_control.o
    0x20000810        -       0x000002a4   Zero   RW         1081    .bss                pid.o
    0x20000ab4   0x08005220   0x00000004   PAD
    0x20000ab8        -       0x00000400   Zero   RW            1    STACK               startup_stm32f103xe.o


==============================================================================

Image component sizes


      Code (inc. data)   RO Data    RW Data    ZI Data      Debug   Object Name

        64         12          0          0          0       1261   eeprom.o
       264         46          0          0          0       3046   gpio.o
       156         26          0          0         84       1473   i2c.o
       390         30          0        116        250       5417   jy901.o
       570        110          0          0          0       2048   main.o
      1378         94          0          0         16       3638   motion_control.o
       128         26          0          0          0        975   motor.o
       568         20       2072          0          0       4511   oled.o
       494         38          0         56        676       4327   pid.o
       966        120          0         23         58     506622   protocol.o
       188         24          0          0         88       1708   spi.o
        36          8        304          0       1024        772   startup_stm32f103xe.o
       164         28          0         12          0       6265   stm32f1xx_hal.o
       198         14          0          0          0      28767   stm32f1xx_hal_cortex.o
       374          8          0          0          0       1747   stm32f1xx_hal_dma.o
       514         42          0          0          0       2816   stm32f1xx_hal_gpio.o
      2382         56          0          0          0      12654   stm32f1xx_hal_i2c.o
        68         10          0          0          0        790   stm32f1xx_hal_msp.o
      1240         84         18          0          0       4944   stm32f1xx_hal_rcc.o
       420          4          0          0          0       3068   stm32f1xx_hal_spi.o
      2020         98          0          0          0      17900   stm32f1xx_hal_tim.o
       128         20          0          0          0       2289   stm32f1xx_hal_tim_ex.o
      1330         10          0          0          0       9203   stm32f1xx_hal_uart.o
      1036        162          0          6          0       8560   stm32f1xx_it.o
         2          0         24          4          0       1003   system_stm32f1xx.o
      1048         94          0         68        288       6382   tim.o
       548         68          0          8        984       4186   usart.o

    ----------------------------------------------------------------------
     16708       1252       2452        296       3472     646372   Object Totals
         0          0         32          0          0          0   (incl. Generated)
        34          0          2          3          4          0   (incl. Padding)

    ----------------------------------------------------------------------

      Code (inc. data)   RO Data    RW Data    ZI Data      Debug   Library Member Name

         0          0          0          0          0          0   entry.o
         0          0          0          0          0          0   entry10a.o
         0          0          0          0          0          0   entry11a.o
         8          4          0          0          0          0   entry2.o
         4          0          0          0          0          0   entry5.o
         0          0          0          0          0          0   entry7b.o
         0          0          0          0          0          0   entry8b.o
         8          4          0          0          0          0   entry9a.o
        30          0          0          0          0          0   handlers.o
        36          8          0          0          0         68   init.o
         0          0          0          0          0          0   iusefp.o
        30          0          0          0          0         68   llshl.o
        32          0          0          0          0         68   llushr.o
        36          0          0          0          0        108   memseta.o
        56          0          0          0          0         88   d2f.o
       222          0          0          0          0        100   ddiv.o
       186          0          0          0          0        176   depilogue.o
        50          0          0          0          0         76   dfixui.o
        26          0          0          0          0         76   dfltui.o
       228          0          0          0          0         96   dmul.o
       176          0          0          0          0        140   fadd.o
       124          0          0          0          0         88   fdiv.o
       110          0          0          0          0        168   fepilogue.o
        50          0          0          0          0         68   ffixi.o
        18          0          0          0          0         68   fflti.o
        10          0          0          0          0         68   ffltui.o
       100          0          0          0          0         76   fmul.o
        24          0          0          0          0         68   fscalb.o

    ----------------------------------------------------------------------
      1568         16          0          0          0       1668   Library Totals
         4          0          0          0          0          0   (incl. Padding)

    ----------------------------------------------------------------------

      Code (inc. data)   RO Data    RW Data    ZI Data      Debug   Library Name

       184         16          0          0          0        312   mc_w.l
      1380          0          0          0          0       1356   mf_w.l

    ----------------------------------------------------------------------
      1568         16          0          0          0       1668   Library Totals

    ----------------------------------------------------------------------

==============================================================================


      Code (inc. data)   RO Data    RW Data    ZI Data      Debug   

     18276       1268       2452        296       3472     639508   Grand Totals
     18276       1268       2452        296       3472     639508   ELF Image Totals
     18276       1268       2452        296          0          0   ROM Totals

==============================================================================

    Total RO  Size (Code + RO Data)                20728 (  20.24kB)
    Total RW  Size (RW Data + ZI Data)              3768 (   3.68kB)
    Total ROM Size (Code + RO Data + RW Data)      21024 (  20.53kB)

==============================================================================

